Archive member included because of file (symbol)

/home/rebble/.pebble-sdk/SDKs/current/sdk-core/pebble/chalk/lib/libpebble.a(tmpN4as8bpebble.o)
                              src/simply/simply_accel.c.24.o (accel_data_service_unsubscribe)
/home/rebble/pebble-dev/pebble-sdk-4.6-rc2-linux64/arm-cs-tools/bin/../lib/gcc/arm-none-eabi/4.7.2/thumb2/libgcc.a(_aeabi_ldivmod.o)
                              src/simply/simply_menu.c.24.o (__aeabi_ldivmod)
/home/rebble/pebble-dev/pebble-sdk-4.6-rc2-linux64/arm-cs-tools/bin/../lib/gcc/arm-none-eabi/4.7.2/thumb2/libgcc.a(bpabi.o)
                              /home/rebble/pebble-dev/pebble-sdk-4.6-rc2-linux64/arm-cs-tools/bin/../lib/gcc/arm-none-eabi/4.7.2/thumb2/libgcc.a(_aeabi_ldivmod.o) (__gnu_ldivmod_helper)
/home/rebble/pebble-dev/pebble-sdk-4.6-rc2-linux64/arm-cs-tools/bin/../lib/gcc/arm-none-eabi/4.7.2/thumb2/libgcc.a(_dvmd_tls.o)
                              /home/rebble/pebble-dev/pebble-sdk-4.6-rc2-linux64/arm-cs-tools/bin/../lib/gcc/arm-none-eabi/4.7.2/thumb2/libgcc.a(_aeabi_ldivmod.o) (__aeabi_ldiv0)
/home/rebble/pebble-dev/pebble-sdk-4.6-rc2-linux64/arm-cs-tools/bin/../lib/gcc/arm-none-eabi/4.7.2/thumb2/libgcc.a(_divdi3.o)
                              /home/rebble/pebble-dev/pebble-sdk-4.6-rc2-linux64/arm-cs-tools/bin/../lib/gcc/arm-none-eabi/4.7.2/thumb2/libgcc.a(bpabi.o) (__divdi3)
/home/rebble/pebble-dev/pebble-sdk-4.6-rc2-linux64/arm-cs-tools/bin/../lib/gcc/arm-none-eabi/4.7.2/thumb2/libgcc.a(_udivdi3.o)
                              /home/rebble/pebble-dev/pebble-sdk-4.6-rc2-linux64/arm-cs-tools/bin/../lib/gcc/arm-none-eabi/4.7.2/thumb2/libgcc.a(bpabi.o) (__udivdi3)
/home/rebble/pebble-dev/pebble-sdk-4.6-rc2-linux64/arm-cs-tools/bin/../lib/gcc/arm-none-eabi/4.7.2/thumb2/libgcc.a(_udivsi3.o)
                              /home/rebble/pebble-dev/pebble-sdk-4.6-rc2-linux64/arm-cs-tools/bin/../lib/gcc/arm-none-eabi/4.7.2/thumb2/libgcc.a(_divdi3.o) (__aeabi_uidiv)

Discarded input sections

 .text          0x0000000000000000        0x0 /home/rebble/pebble-dev/pebble-sdk-4.6-rc2-linux64/arm-cs-tools/bin/../lib/gcc/arm-none-eabi/4.7.2/thumb2/crti.o
 .bss           0x0000000000000000        0x0 /home/rebble/pebble-dev/pebble-sdk-4.6-rc2-linux64/arm-cs-tools/bin/../lib/gcc/arm-none-eabi/4.7.2/thumb2/crti.o
 .init          0x0000000000000000        0x4 /home/rebble/pebble-dev/pebble-sdk-4.6-rc2-linux64/arm-cs-tools/bin/../lib/gcc/arm-none-eabi/4.7.2/thumb2/crti.o
 .fini          0x0000000000000000        0x4 /home/rebble/pebble-dev/pebble-sdk-4.6-rc2-linux64/arm-cs-tools/bin/../lib/gcc/arm-none-eabi/4.7.2/thumb2/crti.o
 .text          0x0000000000000000       0xc8 /home/rebble/pebble-dev/pebble-sdk-4.6-rc2-linux64/arm-cs-tools/bin/../lib/gcc/arm-none-eabi/4.7.2/thumb2/crtbegin.o
 .bss           0x0000000000000000       0x1c /home/rebble/pebble-dev/pebble-sdk-4.6-rc2-linux64/arm-cs-tools/bin/../lib/gcc/arm-none-eabi/4.7.2/thumb2/crtbegin.o
 .init_array    0x0000000000000000        0x4 /home/rebble/pebble-dev/pebble-sdk-4.6-rc2-linux64/arm-cs-tools/bin/../lib/gcc/arm-none-eabi/4.7.2/thumb2/crtbegin.o
 .fini_array    0x0000000000000000        0x4 /home/rebble/pebble-dev/pebble-sdk-4.6-rc2-linux64/arm-cs-tools/bin/../lib/gcc/arm-none-eabi/4.7.2/thumb2/crtbegin.o
 .eh_frame      0x0000000000000000        0x0 /home/rebble/pebble-dev/pebble-sdk-4.6-rc2-linux64/arm-cs-tools/bin/../lib/gcc/arm-none-eabi/4.7.2/thumb2/crtbegin.o
 .jcr           0x0000000000000000        0x0 /home/rebble/pebble-dev/pebble-sdk-4.6-rc2-linux64/arm-cs-tools/bin/../lib/gcc/arm-none-eabi/4.7.2/thumb2/crtbegin.o
 .tm_clone_table
                0x0000000000000000        0x0 /home/rebble/pebble-dev/pebble-sdk-4.6-rc2-linux64/arm-cs-tools/bin/../lib/gcc/arm-none-eabi/4.7.2/thumb2/crtbegin.o
 .text          0x0000000000000000        0x0 src/main.c.24.o
 .bss           0x0000000000000000        0x0 src/main.c.24.o
 .text          0x0000000000000000        0x0 src/simply/simply.c.24.o
 .bss           0x0000000000000000        0x0 src/simply/simply.c.24.o
 .text          0x0000000000000000        0x0 src/simply/simply_accel.c.24.o
 .bss           0x0000000000000000        0x0 src/simply/simply_accel.c.24.o
 .text          0x0000000000000000        0x0 src/simply/simply_menu.c.24.o
 .bss           0x0000000000000000        0x0 src/simply/simply_menu.c.24.o
 .text          0x0000000000000000        0x0 src/simply/simply_msg.c.24.o
 .bss           0x0000000000000000        0x0 src/simply/simply_msg.c.24.o
 .text          0x0000000000000000        0x0 src/simply/simply_res.c.24.o
 .bss           0x0000000000000000        0x0 src/simply/simply_res.c.24.o
 .text.id_filter
                0x0000000000000000        0xa src/simply/simply_res.c.24.o
 .text.simply_res_remove_image
                0x0000000000000000       0x18 src/simply/simply_res.c.24.o
 .text          0x0000000000000000        0x0 src/simply/simply_splash.c.24.o
 .bss           0x0000000000000000        0x0 src/simply/simply_splash.c.24.o
[...]
Memory Configuration

Name             Origin             Length             Attributes
APP              0x0000000000000000 0x0000000000010000 xrw
*default*        0x0000000000000000 0xffffffffffffffff

Linker script and memory map

LOAD /home/rebble/pebble-dev/pebble-sdk-4.6-rc2-linux64/arm-cs-tools/bin/../lib/gcc/arm-none-eabi/4.7.2/thumb2/crti.o
LOAD /home/rebble/pebble-dev/pebble-sdk-4.6-rc2-linux64/arm-cs-tools/bin/../lib/gcc/arm-none-eabi/4.7.2/thumb2/crtbegin.o
LOAD src/main.c.24.o
LOAD src/simply/simply.c.24.o
LOAD src/simply/simply_accel.c.24.o
LOAD src/simply/simply_menu.c.24.o
LOAD src/simply/simply_msg.c.24.o
LOAD src/simply/simply_res.c.24.o
LOAD src/simply/simply_splash.c.24.o
LOAD src/simply/simply_stage.c.24.o
LOAD src/simply/simply_ui.c.24.o
LOAD src/simply/simply_voice.c.24.o
LOAD src/simply/simply_wakeup.c.24.o
LOAD src/simply/simply_window.c.24.o
LOAD src/simply/simply_window_stack.c.24.o
LOAD chalk/appinfo.auto.c.24.o
LOAD chalk/src/resource_ids.auto.c.24.o
LOAD /home/rebble/.pebble-sdk/SDKs/current/sdk-core/pebble/chalk/lib/libpebble.a
START GROUP
LOAD /home/rebble/pebble-dev/pebble-sdk-4.6-rc2-linux64/arm-cs-tools/bin/../lib/gcc/arm-none-eabi/4.7.2/thumb2/libgcc.a
LOAD /home/rebble/pebble-dev/pebble-sdk-4.6-rc2-linux64/arm-cs-tools/bin/../lib/gcc/arm-none-eabi/4.7.2/../../../../arm-none-eabi/lib/thumb2/libc.a
END GROUP
LOAD /home/rebble/pebble-dev/pebble-sdk-4.6-rc2-linux64/arm-cs-tools/bin/../lib/gcc/arm-none-eabi/4.7.2/thumb2/crtend.o
LOAD /home/rebble/pebble-dev/pebble-sdk-4.6-rc2-linux64/arm-cs-tools/bin/../lib/gcc/arm-none-eabi/4.7.2/thumb2/crtn.o

.header         0x0000000000000000       0x82
 *(.pbl_header)
 .pbl_header    0x0000000000000000       0x82 chalk/appinfo.auto.c.24.o
                0x0000000000000000                __pbl_app_info

.note.gnu.build-id
                0x0000000000000082       0x26
                0x0000000000000082                PROVIDE (BUILD_ID, .)
 *(.note.gnu.build-id)
 *fill*         0x0000000000000082        0x2 
 .note.gnu.build-id
                0x0000000000000084       0x24 linker stubs

.text           0x00000000000000a8     0x44c7
 *(.text)
 .text          0x00000000000000a8       0x14 /home/rebble/.pebble-sdk/SDKs/current/sdk-core/pebble/chalk/lib/libpebble.a(tmpN4as8bpebble.o)
 .text          0x00000000000000bc       0x38 /home/rebble/pebble-dev/pebble-sdk-4.6-rc2-linux64/arm-cs-tools/bin/../lib/gcc/arm-none-eabi/4.7.2/thumb2/libgcc.a(_aeabi_ldivmod.o)
                0x00000000000000bc                __aeabi_ldivmod
 .text          0x00000000000000f4       0x60 /home/rebble/pebble-dev/pebble-sdk-4.6-rc2-linux64/arm-cs-tools/bin/../lib/gcc/arm-none-eabi/4.7.2/thumb2/libgcc.a(bpabi.o)
                0x00000000000000f4                __gnu_ldivmod_helper
                0x0000000000000124                __gnu_uldivmod_helper
 .text          0x0000000000000154        0x4 /home/rebble/pebble-dev/pebble-sdk-4.6-rc2-linux64/arm-cs-tools/bin/../lib/gcc/arm-none-eabi/4.7.2/thumb2/libgcc.a(_dvmd_tls.o)
                0x0000000000000154                __aeabi_ldiv0
                0x0000000000000154                __aeabi_idiv0
 .text          0x0000000000000158      0x36c /home/rebble/pebble-dev/pebble-sdk-4.6-rc2-linux64/arm-cs-tools/bin/../lib/gcc/arm-none-eabi/4.7.2/thumb2/libgcc.a(_divdi3.o)
                0x0000000000000158                __divdi3
 .text          0x00000000000004c4      0x314 /home/rebble/pebble-dev/pebble-sdk-4.6-rc2-linux64/arm-cs-tools/bin/../lib/gcc/arm-none-eabi/4.7.2/thumb2/libgcc.a(_udivdi3.o)
                0x00000000000004c4                __udivdi3
 .text          0x00000000000007d8      0x278 /home/rebble/pebble-dev/pebble-sdk-4.6-rc2-linux64/arm-cs-tools/bin/../lib/gcc/arm-none-eabi/4.7.2/thumb2/libgcc.a(_udivsi3.o)
                0x00000000000007d8                __udivsi3
                0x00000000000007d8                __aeabi_uidiv
                0x0000000000000a34                __aeabi_uidivmod
 *(.text.*)
 .text.startup.main
                0x0000000000000a50       0x16 src/main.c.24.o
                0x0000000000000a50                main
 .text.simply_init
                0x0000000000000a66       0x64 src/simply/simply.c.24.o
                0x0000000000000a66                simply_init
 .text.simply_deinit
                0x0000000000000aca       0x3e src/simply/simply.c.24.o
                0x0000000000000aca                simply_deinit
 .text.handle_accel_tap
                0x0000000000000b08       0x1e src/simply/simply_accel.c.24.o
 .text.send_accel_data.isra.1
                0x0000000000000b26       0x4a src/simply/simply_accel.c.24.o
 .text.handle_accel_data
                0x0000000000000b70        0x6 src/simply/simply_accel.c.24.o
 *fill*         0x0000000000000b76        0x2 
 .text.accel_peek_timer_callback
                0x0000000000000b78       0x40 src/simply/simply_accel.c.24.o
 .text.simply_accel_handle_packet
                0x0000000000000bb8       0x6c src/simply/simply_accel.c.24.o
                0x0000000000000bb8                simply_accel_handle_packet
 .text.simply_accel_create
                0x0000000000000c24       0x38 src/simply/simply_accel.c.24.o
                0x0000000000000c24                simply_accel_create
 .text.simply_accel_destroy
                0x0000000000000c5c       0x20 src/simply/simply_accel.c.24.o
                0x0000000000000c5c                simply_accel_destroy
 .text.list1_remove
                0x0000000000000c7c       0x32 src/simply/simply_menu.c.24.o
 .text.prv_section_filter
                0x0000000000000cae        0xc src/simply/simply_menu.c.24.o
 .text.prv_item_filter
                0x0000000000000cba       0x1a src/simply/simply_menu.c.24.o
 .text.prv_request_item_filter
                0x0000000000000cd4        0xc src/simply/simply_menu.c.24.o
 .text.prv_menu_get_num_sections_callback
                0x0000000000000ce0        0x4 src/simply/simply_menu.c.24.o
 .text.prv_free_title
                0x0000000000000ce4       0x20 src/simply/simply_menu.c.24.o
 .text.prv_destroy_section
                0x0000000000000d04       0x20 src/simply/simply_menu.c.24.o
 .text.prv_destroy_item
                0x0000000000000d24       0x28 src/simply/simply_menu.c.24.o
 .text.prv_menu_window_unload
                0x0000000000000d4c       0x1c src/simply/simply_menu.c.24.o
 .text.prv_reload_data
                0x0000000000000d68        0xa src/simply/simply_menu.c.24.o
 .text.simply_menu_clear
                0x0000000000000d72       0x28 src/simply/simply_menu.c.24.o
 .text.prv_menu_window_disappear
                0x0000000000000d9a       0x22 src/simply/simply_menu.c.24.o
 .text.prv_menu_window_appear
                0x0000000000000dbc        0xe src/simply/simply_menu.c.24.o
 .text.prv_single_click_handler
                0x0000000000000dca       0x1a src/simply/simply_menu.c.24.o
 .text.gpoint_polar
                0x0000000000000de4       0x34 src/simply/simply_menu.c.24.o
 .text.prv_mark_dirty
                0x0000000000000e18       0x14 src/simply/simply_menu.c.24.o
 .text.prv_menu_get_cell_height_callback
                0x0000000000000e2c       0x10 src/simply/simply_menu.c.24.o
 .text.strdup2  0x0000000000000e3c       0x44 src/simply/simply_menu.c.24.o
 .text.prv_menu_window_load
                0x0000000000000e80       0xfc src/simply/simply_menu.c.24.o
 .text.list1_find_prev.constprop.9
                0x0000000000000f7c       0x1c src/simply/simply_menu.c.24.o
 .text.refresh_spinner_timer
                0x0000000000000f98       0x2c src/simply/simply_menu.c.24.o
 .text.spinner_timer_callback
                0x0000000000000fc4       0x16 src/simply/simply_menu.c.24.o
 *fill*         0x0000000000000fda        0x2 
 .text.prv_click_config_provider
                0x0000000000000fdc       0x24 src/simply/simply_menu.c.24.o
 .text.prv_add_item
                0x0000000000001000       0x58 src/simply/simply_menu.c.24.o
 .text.prv_get_menu_section
                0x0000000000001058       0x10 src/simply/simply_menu.c.24.o
 .text.prv_menu_get_num_rows_callback
                0x0000000000001068       0x12 src/simply/simply_menu.c.24.o
 *fill*         0x000000000000107a        0x2 
 .text.prv_menu_get_header_height_callback
                0x000000000000107c       0x24 src/simply/simply_menu.c.24.o
 .text.prv_menu_select_long_click_callback
                0x00000000000010a0       0x22 src/simply/simply_menu.c.24.o
 .text.prv_menu_select_click_callback
                0x00000000000010c2       0x22 src/simply/simply_menu.c.24.o
 .text.prv_add_section
                0x00000000000010e4       0x50 src/simply/simply_menu.c.24.o
 .text.prv_request_menu_section.part.2
                0x0000000000001134       0x3e src/simply/simply_menu.c.24.o
 *fill*         0x0000000000001172        0x2 
 .text.prv_menu_draw_row_callback
                0x0000000000001174      0x274 src/simply/simply_menu.c.24.o
 .text.prv_menu_draw_header_callback
                0x00000000000013e8      0x11c src/simply/simply_menu.c.24.o
 .text.simply_menu_handle_packet
                0x0000000000001504      0x1ec src/simply/simply_menu.c.24.o
                0x0000000000001504                simply_menu_handle_packet
 .text.simply_menu_create
                0x00000000000016f0       0x40 src/simply/simply_menu.c.24.o
                0x00000000000016f0                simply_menu_create
 .text.simply_menu_destroy
                0x0000000000001730       0x16 src/simply/simply_menu.c.24.o
                0x0000000000001730                simply_menu_destroy
 .text.list1_remove
                0x0000000000001746       0x32 src/simply/simply_msg.c.24.o
 .text.dropped_callback
                0x0000000000001778        0x2 src/simply/simply_msg.c.24.o
 .text.sent_callback
                0x000000000000177a        0x2 src/simply/simply_msg.c.24.o
 .text.send_msg
                0x000000000000177c       0x30 src/simply/simply_msg.c.24.o
 .text.handle_packet
                0x00000000000017ac      0x19a src/simply/simply_msg.c.24.o
 *fill*         0x0000000000001946        0x2 
 .text.received_callback
                0x0000000000001948       0x38 src/simply/simply_msg.c.24.o
 .text.send_msg_retry
                0x0000000000001980       0xb8 src/simply/simply_msg.c.24.o
 .text.simply_msg_has_communicated
                0x0000000000001a38        0xc src/simply/simply_msg.c.24.o
                0x0000000000001a38                simply_msg_has_communicated
 .text.simply_msg_show_disconnected
                0x0000000000001a44       0x58 src/simply/simply_msg.c.24.o
                0x0000000000001a44                simply_msg_show_disconnected
 .text.failed_callback
                0x0000000000001a9c       0x18 src/simply/simply_msg.c.24.o
 .text.simply_msg_create
                0x0000000000001ab4       0x6c src/simply/simply_msg.c.24.o
                0x0000000000001ab4                simply_msg_create
 .text.simply_msg_destroy
                0x0000000000001b20       0x1c src/simply/simply_msg.c.24.o
                0x0000000000001b20                simply_msg_destroy
 .text.simply_msg_send
                0x0000000000001b3c        0x4 src/simply/simply_msg.c.24.o
                0x0000000000001b3c                simply_msg_send
 .text.simply_msg_send_packet
                0x0000000000001b40       0x84 src/simply/simply_msg.c.24.o
                0x0000000000001b40                simply_msg_send_packet
 .text.list1_remove
                0x0000000000001bc4       0x32 src/simply/simply_res.c.24.o
 .text.destroy_image
                0x0000000000001bf6       0x22 src/simply/simply_res.c.24.o
 .text.malloc0  0x0000000000001c18       0x18 src/simply/simply_res.c.24.o
 .text.window_stack_schedule_top_window_render
                0x0000000000001c30       0x12 src/simply/simply_res.c.24.o
 .text.setup_image
                0x0000000000001c42       0x64 src/simply/simply_res.c.24.o
 .text.create_bitmap_with_png_data
                0x0000000000001ca6        0xc src/simply/simply_res.c.24.o
 .text.create_bitmap_with_id
                0x0000000000001cb2       0x12 src/simply/simply_res.c.24.o
 .text.simply_res_evict_image
                0x0000000000001cc4       0x1a src/simply/simply_res.c.24.o
                0x0000000000001cc4                simply_res_evict_image
 .text.create_image
                0x0000000000001cde       0x48 src/simply/simply_res.c.24.o
 *fill*         0x0000000000001d26        0x2 
 .text.simply_res_add_bundled_image
                0x0000000000001d28       0x28 src/simply/simply_res.c.24.o
                0x0000000000001d28                simply_res_add_bundled_image
 .text.simply_res_add_image
                0x0000000000001d50       0x64 src/simply/simply_res.c.24.o
                0x0000000000001d50                simply_res_add_image
 .text.simply_res_auto_image
                0x0000000000001db4       0x42 src/simply/simply_res.c.24.o
                0x0000000000001db4                simply_res_auto_image
 .text.simply_res_add_custom_font
                0x0000000000001df6       0x40 src/simply/simply_res.c.24.o
                0x0000000000001df6                simply_res_add_custom_font
 .text.simply_res_auto_font
                0x0000000000001e36       0x2a src/simply/simply_res.c.24.o
                0x0000000000001e36                simply_res_auto_font
 .text.simply_res_clear
                0x0000000000001e60       0x34 src/simply/simply_res.c.24.o
                0x0000000000001e60                simply_res_clear
 .text.simply_res_create
                0x0000000000001e94       0x2a src/simply/simply_res.c.24.o
                0x0000000000001e94                simply_res_create
 .text.simply_res_destroy
                0x0000000000001ebe       0x12 src/simply/simply_res.c.24.o
                0x0000000000001ebe                simply_res_destroy
 .text.window_load
                0x0000000000001ed0       0x12 src/simply/simply_splash.c.24.o
 .text.layer_update_callback
                0x0000000000001ee2       0x24 src/simply/simply_splash.c.24.o
                0x0000000000001ee2                layer_update_callback
 *fill*         0x0000000000001f06        0x2 
 .text.simply_splash_create
                0x0000000000001f08       0x78 src/simply/simply_splash.c.24.o
                0x0000000000001f08                simply_splash_create
 .text.simply_splash_destroy
                0x0000000000001f80       0x20 src/simply/simply_splash.c.24.o
                0x0000000000001f80                simply_splash_destroy
 .text.window_disappear
                0x0000000000001fa0       0x1a src/simply/simply_splash.c.24.o
 .text.list1_remove
                0x0000000000001fba       0x32 src/simply/simply_stage.c.24.o
 .text.element_frame_getter
                0x0000000000001fec       0x10 src/simply/simply_stage.c.24.o
 .text.window_unload
                0x0000000000001ffc       0x1e src/simply/simply_stage.c.24.o
 .text.destroy_animation
                0x000000000000201a       0x24 src/simply/simply_stage.c.24.o
 *fill*         0x000000000000203e        0x2 
 .text.simply_stage_update_ticker
                0x0000000000002040       0x2c src/simply/simply_stage.c.24.o
 .text.simply_stage_clear
                0x000000000000206c       0x52 src/simply/simply_stage.c.24.o
 .text.window_disappear
                0x00000000000020be       0x22 src/simply/simply_stage.c.24.o
 .text.handle_tick
                0x00000000000020e0       0x12 src/simply/simply_stage.c.24.o
 .text.simply_stage_update
                0x00000000000020f2        0xa src/simply/simply_stage.c.24.o
 .text.window_appear
                0x00000000000020fc       0x16 src/simply/simply_stage.c.24.o
 *fill*         0x0000000000002112        0x2 
 .text.window_load
                0x0000000000002114       0x68 src/simply/simply_stage.c.24.o
 .text.simply_stage_remove_element
                0x000000000000217c       0x24 src/simply/simply_stage.c.24.o
 .text.simply_stage_set_element_frame.isra.12
                0x00000000000021a0       0x38 src/simply/simply_stage.c.24.o
 .text.element_frame_setter
                0x00000000000021d8       0x1e src/simply/simply_stage.c.24.o
 .text.prv_draw_line_polar.constprop.15
                0x00000000000021f6       0x46 src/simply/simply_stage.c.24.o
 .text.rect_element_draw.isra.6
                0x000000000000223c       0x3c src/simply/simply_stage.c.24.o
 .text.layer_update_callback
                0x0000000000002278      0x390 src/simply/simply_stage.c.24.o
 .text.simply_stage_auto_element
                0x0000000000002608       0x84 src/simply/simply_stage.c.24.o
 .text.animation_stopped
                0x000000000000268c       0x34 src/simply/simply_stage.c.24.o
 .text.simply_stage_handle_packet
                0x00000000000026c0      0x2e8 src/simply/simply_stage.c.24.o
                0x00000000000026c0                simply_stage_handle_packet
 .text.simply_stage_create
                0x00000000000029a8       0x38 src/simply/simply_stage.c.24.o
                0x00000000000029a8                simply_stage_create
 .text.simply_stage_destroy
                0x00000000000029e0       0x16 src/simply/simply_stage.c.24.o
                0x00000000000029e0                simply_stage_destroy
 .text.is_string
                0x00000000000029f6       0x10 src/simply/simply_ui.c.24.o
 .text.window_unload
                0x0000000000002a06       0x1e src/simply/simply_ui.c.24.o
 .text.window_disappear
                0x0000000000002a24       0x1c src/simply/simply_ui.c.24.o
 .text.window_appear
                0x0000000000002a40        0xe src/simply/simply_ui.c.24.o
 .text.graphics_draw_bitmap_centered
                0x0000000000002a4e       0x62 src/simply/simply_ui.c.24.o
 .text.mark_dirty
                0x0000000000002ab0        0xa src/simply/simply_ui.c.24.o
 .text.show_welcome_text
                0x0000000000002aba       0x18 src/simply/simply_ui.c.24.o
 .text.graphics_text_attributes_enable_paging_on_layer.constprop.2
                0x0000000000002ad2       0x58 src/simply/simply_ui.c.24.o
 *fill*         0x0000000000002b2a        0x2 
 .text.layer_update_callback
                0x0000000000002b2c      0x500 src/simply/simply_ui.c.24.o
 .text.simply_ui_set_style
                0x000000000000302c       0x3c src/simply/simply_ui.c.24.o
                0x000000000000302c                simply_ui_set_style
 .text.window_load
                0x0000000000003068       0x6c src/simply/simply_ui.c.24.o
 .text.simply_ui_set_text
                0x00000000000030d4       0x74 src/simply/simply_ui.c.24.o
                0x00000000000030d4                simply_ui_set_text
 .text.simply_ui_set_text_color
                0x0000000000003148        0xc src/simply/simply_ui.c.24.o
                0x0000000000003148                simply_ui_set_text_color
 .text.simply_ui_clear
                0x0000000000003154       0x56 src/simply/simply_ui.c.24.o
                0x0000000000003154                simply_ui_clear
 .text.simply_ui_handle_packet
                0x00000000000031aa       0x70 src/simply/simply_ui.c.24.o
                0x00000000000031aa                simply_ui_handle_packet
 *fill*         0x000000000000321a        0x2 
 .text.simply_ui_create
                0x000000000000321c       0x48 src/simply/simply_ui.c.24.o
                0x000000000000321c                simply_ui_create
 .text.simply_ui_destroy
                0x0000000000003264       0x2a src/simply/simply_ui.c.24.o
                0x0000000000003264                simply_ui_destroy
 *fill*         0x000000000000328e        0x2 
 .text.send_voice_data
                0x0000000000003290       0x5c src/simply/simply_voice.c.24.o
 .text.dictation_session_callback
                0x00000000000032ec       0x18 src/simply/simply_voice.c.24.o
 .text.timer_callback_start_dictation
                0x0000000000003304       0x10 src/simply/simply_voice.c.24.o
 .text.simply_voice_handle_packet
                0x0000000000003314       0x6c src/simply/simply_voice.c.24.o
                0x0000000000003314                simply_voice_handle_packet
 .text.simply_voice_create
                0x0000000000003380       0x3c src/simply/simply_voice.c.24.o
                0x0000000000003380                simply_voice_create
 .text.simply_voice_destroy
                0x00000000000033bc       0x18 src/simply/simply_voice.c.24.o
                0x00000000000033bc                simply_voice_destroy
 .text.simply_voice_dictation_in_progress
                0x00000000000033d4       0x10 src/simply/simply_voice.c.24.o
                0x00000000000033d4                simply_voice_dictation_in_progress
 .text.wakeup_handler
                0x00000000000033e4       0x1c src/simply/simply_wakeup.c.24.o
 .text.wakeup_set_timer_callback
                0x0000000000003400       0x20 src/simply/simply_wakeup.c.24.o
 .text.simply_wakeup_handle_packet
                0x0000000000003420       0xac src/simply/simply_wakeup.c.24.o
                0x0000000000003420                simply_wakeup_handle_packet
 .text.simply_wakeup_init
                0x00000000000034cc        0xc src/simply/simply_wakeup.c.24.o
                0x00000000000034cc                simply_wakeup_init
 .text.prv_update_layer_placement
                0x00000000000034d8       0xa4 src/simply/simply_window.c.24.o
 .text.simply_window_single_click_handler
                0x000000000000357c       0x5c src/simply/simply_window.c.24.o
                0x000000000000357c                simply_window_single_click_handler
 .text.scroll_layer_set_click_config_provider_onto_window.constprop.5
                0x00000000000035d8       0x30 src/simply/simply_window.c.24.o
 .text.click_config_provider
                0x0000000000003608       0x7c src/simply/simply_window.c.24.o
 .text.long_click_handler
                0x0000000000003684       0x32 src/simply/simply_window.c.24.o
 .text.simply_window_set_scrollable
                0x00000000000036b6       0x8a src/simply/simply_window.c.24.o
                0x00000000000036b6                simply_window_set_scrollable
 .text.simply_window_set_status_bar
                0x0000000000003740       0x46 src/simply/simply_window.c.24.o
                0x0000000000003740                simply_window_set_status_bar
 .text.simply_window_set_background_color
                0x0000000000003786        0xe src/simply/simply_window.c.24.o
                0x0000000000003786                simply_window_set_background_color
 .text.simply_window_set_status_bar_colors
                0x0000000000003794        0xa src/simply/simply_window.c.24.o
                0x0000000000003794                simply_window_set_status_bar_colors
 .text.simply_window_set_status_bar_separator_mode
                0x000000000000379e        0xa src/simply/simply_window.c.24.o
                0x000000000000379e                simply_window_set_status_bar_separator_mode
 .text.simply_window_set_action_bar
                0x00000000000037a8       0x54 src/simply/simply_window.c.24.o
                0x00000000000037a8                simply_window_set_action_bar
 .text.simply_window_set_action_bar_icon
                0x00000000000037fc       0x58 src/simply/simply_window.c.24.o
                0x00000000000037fc                simply_window_set_action_bar_icon
 .text.simply_window_set_action_bar_background_color
                0x0000000000003854       0x38 src/simply/simply_window.c.24.o
                0x0000000000003854                simply_window_set_action_bar_background_color
 .text.simply_window_action_bar_clear
                0x000000000000388c       0x2c src/simply/simply_window.c.24.o
                0x000000000000388c                simply_window_action_bar_clear
 .text.simply_window_preload
                0x00000000000038b8       0x30 src/simply/simply_window.c.24.o
                0x00000000000038b8                simply_window_preload
 .text.simply_window_load
                0x00000000000038e8       0x94 src/simply/simply_window.c.24.o
                0x00000000000038e8                simply_window_load
 .text.simply_window_appear
                0x000000000000397c       0x1c src/simply/simply_window.c.24.o
                0x000000000000397c                simply_window_appear
 .text.simply_window_disappear
                0x0000000000003998       0x28 src/simply/simply_window.c.24.o
                0x0000000000003998                simply_window_disappear
 .text.simply_window_unload
                0x00000000000039c0       0x32 src/simply/simply_window.c.24.o
                0x00000000000039c0                simply_window_unload
 .text.simply_window_handle_packet
                0x00000000000039f2       0xbe src/simply/simply_window.c.24.o
                0x00000000000039f2                simply_window_handle_packet
 .text.simply_window_init
                0x0000000000003ab0       0x26 src/simply/simply_window.c.24.o
                0x0000000000003ab0                simply_window_init
 .text.simply_window_deinit
                0x0000000000003ad6       0x12 src/simply/simply_window.c.24.o
                0x0000000000003ad6                simply_window_deinit
 .text.show_window_sdk_3.isra.4
                0x0000000000003ae8       0x52 src/simply/simply_window_stack.c.24.o
 *fill*         0x0000000000003b3a        0x2 
 .text.simply_window_stack_set_broadcast
                0x0000000000003b3c       0x10 src/simply/simply_window_stack.c.24.o
                0x0000000000003b3c                simply_window_stack_set_broadcast
 .text.simply_window_stack_get_top_window
                0x0000000000003b4c       0x20 src/simply/simply_window_stack.c.24.o
                0x0000000000003b4c                simply_window_stack_get_top_window
 .text.simply_window_stack_show
                0x0000000000003b6c        0x4 src/simply/simply_window_stack.c.24.o
                0x0000000000003b6c                simply_window_stack_show
 .text.simply_window_stack_pop
                0x0000000000003b70       0x26 src/simply/simply_window_stack.c.24.o
                0x0000000000003b70                simply_window_stack_pop
 *fill*         0x0000000000003b96        0x2 
 .text.simply_window_stack_send_show
                0x0000000000003b98       0x30 src/simply/simply_window_stack.c.24.o
                0x0000000000003b98                simply_window_stack_send_show
 .text.simply_window_stack_send_hide
                0x0000000000003bc8       0x30 src/simply/simply_window_stack.c.24.o
                0x0000000000003bc8                simply_window_stack_send_hide
 .text.simply_window_stack_back
                0x0000000000003bf8       0x1a src/simply/simply_window_stack.c.24.o
                0x0000000000003bf8                simply_window_stack_back
 .text.simply_window_stack_handle_packet
                0x0000000000003c12       0x4a src/simply/simply_window_stack.c.24.o
                0x0000000000003c12                simply_window_stack_handle_packet
 .text.simply_window_stack_create
                0x0000000000003c5c       0x12 src/simply/simply_window_stack.c.24.o
                0x0000000000003c5c                simply_window_stack_create
 .text.simply_window_stack_destroy
                0x0000000000003c6e        0x8 src/simply/simply_window_stack.c.24.o
                0x0000000000003c6e                simply_window_stack_destroy
 *fill*         0x0000000000003c76        0x2 
 .text.accel_data_service_unsubscribe
                0x0000000000003c78        0xc /home/rebble/.pebble-sdk/SDKs/current/sdk-core/pebble/chalk/lib/libpebble.a(tmpN4as8bpebble.o)
                0x0000000000003c78                accel_data_service_unsubscribe
 .text.accel_service_peek
                0x0000000000003c84        0xc /home/rebble/.pebble-sdk/SDKs/current/sdk-core/pebble/chalk/lib/libpebble.a(tmpN4as8bpebble.o)
                0x0000000000003c84                accel_service_peek
 .text.accel_service_set_sampling_rate
                0x0000000000003c90        0xc /home/rebble/.pebble-sdk/SDKs/current/sdk-core/pebble/chalk/lib/libpebble.a(tmpN4as8bpebble.o)
                0x0000000000003c90                accel_service_set_sampling_rate
 .text.accel_tap_service_subscribe
                0x0000000000003c9c        0xc /home/rebble/.pebble-sdk/SDKs/current/sdk-core/pebble/chalk/lib/libpebble.a(tmpN4as8bpebble.o)
                0x0000000000003c9c                accel_tap_service_subscribe
 .text.accel_tap_service_unsubscribe
                0x0000000000003ca8        0xc /home/rebble/.pebble-sdk/SDKs/current/sdk-core/pebble/chalk/lib/libpebble.a(tmpN4as8bpebble.o)
                0x0000000000003ca8                accel_tap_service_unsubscribe
 .text.app_event_loop
                0x0000000000003cb4        0xc /home/rebble/.pebble-sdk/SDKs/current/sdk-core/pebble/chalk/lib/libpebble.a(tmpN4as8bpebble.o)
                0x0000000000003cb4                app_event_loop
 .text.app_message_deregister_callbacks
                0x0000000000003cc0        0xc /home/rebble/.pebble-sdk/SDKs/current/sdk-core/pebble/chalk/lib/libpebble.a(tmpN4as8bpebble.o)
                0x0000000000003cc0                app_message_deregister_callbacks
 .text.app_message_open
                0x0000000000003ccc        0xc /home/rebble/.pebble-sdk/SDKs/current/sdk-core/pebble/chalk/lib/libpebble.a(tmpN4as8bpebble.o)
                0x0000000000003ccc                app_message_open
 .text.app_timer_cancel
                0x0000000000003cd8        0xc /home/rebble/.pebble-sdk/SDKs/current/sdk-core/pebble/chalk/lib/libpebble.a(tmpN4as8bpebble.o)
                0x0000000000003cd8                app_timer_cancel
 .text.app_timer_register
                0x0000000000003ce4        0xc /home/rebble/.pebble-sdk/SDKs/current/sdk-core/pebble/chalk/lib/libpebble.a(tmpN4as8bpebble.o)
                0x0000000000003ce4                app_timer_register
 .text.click_recognizer_get_button_id
                0x0000000000003cf0        0xc /home/rebble/.pebble-sdk/SDKs/current/sdk-core/pebble/chalk/lib/libpebble.a(tmpN4as8bpebble.o)
                0x0000000000003cf0                click_recognizer_get_button_id
 .text.cos_lookup
                0x0000000000003cfc        0xc /home/rebble/.pebble-sdk/SDKs/current/sdk-core/pebble/chalk/lib/libpebble.a(tmpN4as8bpebble.o)
                0x0000000000003cfc                cos_lookup
 .text.dict_find
                0x0000000000003d08        0xc /home/rebble/.pebble-sdk/SDKs/current/sdk-core/pebble/chalk/lib/libpebble.a(tmpN4as8bpebble.o)
                0x0000000000003d08                dict_find
 .text.dict_write_data
                0x0000000000003d14        0xc /home/rebble/.pebble-sdk/SDKs/current/sdk-core/pebble/chalk/lib/libpebble.a(tmpN4as8bpebble.o)
                0x0000000000003d14                dict_write_data
 .text.fonts_get_system_font
                0x0000000000003d20        0xc /home/rebble/.pebble-sdk/SDKs/current/sdk-core/pebble/chalk/lib/libpebble.a(tmpN4as8bpebble.o)
                0x0000000000003d20                fonts_get_system_font
 .text.fonts_load_custom_font
                0x0000000000003d2c        0xc /home/rebble/.pebble-sdk/SDKs/current/sdk-core/pebble/chalk/lib/libpebble.a(tmpN4as8bpebble.o)
                0x0000000000003d2c                fonts_load_custom_font
 .text.fonts_unload_custom_font
                0x0000000000003d38        0xc /home/rebble/.pebble-sdk/SDKs/current/sdk-core/pebble/chalk/lib/libpebble.a(tmpN4as8bpebble.o)
                0x0000000000003d38                fonts_unload_custom_font
 .text.free     0x0000000000003d44        0xc /home/rebble/.pebble-sdk/SDKs/current/sdk-core/pebble/chalk/lib/libpebble.a(tmpN4as8bpebble.o)
                0x0000000000003d44                free
 .text.gbitmap_create_with_resource
                0x0000000000003d50        0xc /home/rebble/.pebble-sdk/SDKs/current/sdk-core/pebble/chalk/lib/libpebble.a(tmpN4as8bpebble.o)
                0x0000000000003d50                gbitmap_create_with_resource
 .text.gbitmap_destroy
                0x0000000000003d5c        0xc /home/rebble/.pebble-sdk/SDKs/current/sdk-core/pebble/chalk/lib/libpebble.a(tmpN4as8bpebble.o)
                0x0000000000003d5c                gbitmap_destroy
 .text.graphics_context_set_compositing_mode
                0x0000000000003d68        0xc /home/rebble/.pebble-sdk/SDKs/current/sdk-core/pebble/chalk/lib/libpebble.a(tmpN4as8bpebble.o)
                0x0000000000003d68                graphics_context_set_compositing_mode
 .text.graphics_draw_bitmap_in_rect
                0x0000000000003d74        0xc /home/rebble/.pebble-sdk/SDKs/current/sdk-core/pebble/chalk/lib/libpebble.a(tmpN4as8bpebble.o)
                0x0000000000003d74                graphics_draw_bitmap_in_rect
 .text.graphics_draw_circle
                0x0000000000003d80        0xc /home/rebble/.pebble-sdk/SDKs/current/sdk-core/pebble/chalk/lib/libpebble.a(tmpN4as8bpebble.o)
                0x0000000000003d80                graphics_draw_circle
 .text.graphics_draw_line
                0x0000000000003d8c        0xc /home/rebble/.pebble-sdk/SDKs/current/sdk-core/pebble/chalk/lib/libpebble.a(tmpN4as8bpebble.o)
                0x0000000000003d8c                graphics_draw_line
 .text.graphics_draw_round_rect
                0x0000000000003d98        0xc /home/rebble/.pebble-sdk/SDKs/current/sdk-core/pebble/chalk/lib/libpebble.a(tmpN4as8bpebble.o)
                0x0000000000003d98                graphics_draw_round_rect
 .text.graphics_fill_circle
                0x0000000000003da4        0xc /home/rebble/.pebble-sdk/SDKs/current/sdk-core/pebble/chalk/lib/libpebble.a(tmpN4as8bpebble.o)
                0x0000000000003da4                graphics_fill_circle
 .text.graphics_fill_rect
                0x0000000000003db0        0xc /home/rebble/.pebble-sdk/SDKs/current/sdk-core/pebble/chalk/lib/libpebble.a(tmpN4as8bpebble.o)
                0x0000000000003db0                graphics_fill_rect
 .text.grect_center_point
                0x0000000000003dbc        0xc /home/rebble/.pebble-sdk/SDKs/current/sdk-core/pebble/chalk/lib/libpebble.a(tmpN4as8bpebble.o)
                0x0000000000003dbc                grect_center_point
 .text.grect_standardize
                0x0000000000003dc8        0xc /home/rebble/.pebble-sdk/SDKs/current/sdk-core/pebble/chalk/lib/libpebble.a(tmpN4as8bpebble.o)
                0x0000000000003dc8                grect_standardize
 .text.gsize_equal
                0x0000000000003dd4        0xc /home/rebble/.pebble-sdk/SDKs/current/sdk-core/pebble/chalk/lib/libpebble.a(tmpN4as8bpebble.o)
                0x0000000000003dd4                gsize_equal
 .text.inverter_layer_create
                0x0000000000003de0        0xc /home/rebble/.pebble-sdk/SDKs/current/sdk-core/pebble/chalk/lib/libpebble.a(tmpN4as8bpebble.o)
                0x0000000000003de0                inverter_layer_create
 .text.inverter_layer_destroy
                0x0000000000003dec        0xc /home/rebble/.pebble-sdk/SDKs/current/sdk-core/pebble/chalk/lib/libpebble.a(tmpN4as8bpebble.o)
                0x0000000000003dec                inverter_layer_destroy
 .text.inverter_layer_get_layer
                0x0000000000003df8        0xc /home/rebble/.pebble-sdk/SDKs/current/sdk-core/pebble/chalk/lib/libpebble.a(tmpN4as8bpebble.o)
                0x0000000000003df8                inverter_layer_get_layer
 .text.layer_add_child
                0x0000000000003e04        0xc /home/rebble/.pebble-sdk/SDKs/current/sdk-core/pebble/chalk/lib/libpebble.a(tmpN4as8bpebble.o)
                0x0000000000003e04                layer_add_child
 .text.layer_create_with_data
                0x0000000000003e10        0xc /home/rebble/.pebble-sdk/SDKs/current/sdk-core/pebble/chalk/lib/libpebble.a(tmpN4as8bpebble.o)
                0x0000000000003e10                layer_create_with_data
 .text.layer_destroy
                0x0000000000003e1c        0xc /home/rebble/.pebble-sdk/SDKs/current/sdk-core/pebble/chalk/lib/libpebble.a(tmpN4as8bpebble.o)
                0x0000000000003e1c                layer_destroy
 .text.layer_get_bounds
                0x0000000000003e28        0xc /home/rebble/.pebble-sdk/SDKs/current/sdk-core/pebble/chalk/lib/libpebble.a(tmpN4as8bpebble.o)
                0x0000000000003e28                layer_get_bounds
 .text.layer_get_data
                0x0000000000003e34        0xc /home/rebble/.pebble-sdk/SDKs/current/sdk-core/pebble/chalk/lib/libpebble.a(tmpN4as8bpebble.o)
                0x0000000000003e34                layer_get_data
 .text.layer_get_frame
                0x0000000000003e40        0xc /home/rebble/.pebble-sdk/SDKs/current/sdk-core/pebble/chalk/lib/libpebble.a(tmpN4as8bpebble.o)
                0x0000000000003e40                layer_get_frame
 .text.layer_get_window
                0x0000000000003e4c        0xc /home/rebble/.pebble-sdk/SDKs/current/sdk-core/pebble/chalk/lib/libpebble.a(tmpN4as8bpebble.o)
                0x0000000000003e4c                layer_get_window
 .text.layer_mark_dirty
                0x0000000000003e58        0xc /home/rebble/.pebble-sdk/SDKs/current/sdk-core/pebble/chalk/lib/libpebble.a(tmpN4as8bpebble.o)
                0x0000000000003e58                layer_mark_dirty
 .text.layer_remove_from_parent
                0x0000000000003e64        0xc /home/rebble/.pebble-sdk/SDKs/current/sdk-core/pebble/chalk/lib/libpebble.a(tmpN4as8bpebble.o)
                0x0000000000003e64                layer_remove_from_parent
 .text.layer_set_frame
                0x0000000000003e70        0xc /home/rebble/.pebble-sdk/SDKs/current/sdk-core/pebble/chalk/lib/libpebble.a(tmpN4as8bpebble.o)
                0x0000000000003e70                layer_set_frame
 .text.layer_set_update_proc
                0x0000000000003e7c        0xc /home/rebble/.pebble-sdk/SDKs/current/sdk-core/pebble/chalk/lib/libpebble.a(tmpN4as8bpebble.o)
                0x0000000000003e7c                layer_set_update_proc
 .text.light_enable
                0x0000000000003e88        0xc /home/rebble/.pebble-sdk/SDKs/current/sdk-core/pebble/chalk/lib/libpebble.a(tmpN4as8bpebble.o)
                0x0000000000003e88                light_enable
 .text.light_enable_interaction
                0x0000000000003e94        0xc /home/rebble/.pebble-sdk/SDKs/current/sdk-core/pebble/chalk/lib/libpebble.a(tmpN4as8bpebble.o)
                0x0000000000003e94                light_enable_interaction
 .text.malloc   0x0000000000003ea0        0xc /home/rebble/.pebble-sdk/SDKs/current/sdk-core/pebble/chalk/lib/libpebble.a(tmpN4as8bpebble.o)
                0x0000000000003ea0                malloc
 .text.memcpy   0x0000000000003eac        0xc /home/rebble/.pebble-sdk/SDKs/current/sdk-core/pebble/chalk/lib/libpebble.a(tmpN4as8bpebble.o)
                0x0000000000003eac                memcpy
 .text.memset   0x0000000000003eb8        0xc /home/rebble/.pebble-sdk/SDKs/current/sdk-core/pebble/chalk/lib/libpebble.a(tmpN4as8bpebble.o)
                0x0000000000003eb8                memset
 .text.menu_cell_basic_draw
                0x0000000000003ec4        0xc /home/rebble/.pebble-sdk/SDKs/current/sdk-core/pebble/chalk/lib/libpebble.a(tmpN4as8bpebble.o)
                0x0000000000003ec4                menu_cell_basic_draw
 .text.menu_layer_destroy
                0x0000000000003ed0        0xc /home/rebble/.pebble-sdk/SDKs/current/sdk-core/pebble/chalk/lib/libpebble.a(tmpN4as8bpebble.o)
                0x0000000000003ed0                menu_layer_destroy
 .text.menu_layer_get_layer
                0x0000000000003edc        0xc /home/rebble/.pebble-sdk/SDKs/current/sdk-core/pebble/chalk/lib/libpebble.a(tmpN4as8bpebble.o)
                0x0000000000003edc                menu_layer_get_layer
 .text.menu_layer_get_scroll_layer
                0x0000000000003ee8        0xc /home/rebble/.pebble-sdk/SDKs/current/sdk-core/pebble/chalk/lib/libpebble.a(tmpN4as8bpebble.o)
                0x0000000000003ee8                menu_layer_get_scroll_layer
 .text.menu_layer_get_selected_index
                0x0000000000003ef4        0xc /home/rebble/.pebble-sdk/SDKs/current/sdk-core/pebble/chalk/lib/libpebble.a(tmpN4as8bpebble.o)
                0x0000000000003ef4                menu_layer_get_selected_index
 .text.menu_layer_reload_data
                0x0000000000003f00        0xc /home/rebble/.pebble-sdk/SDKs/current/sdk-core/pebble/chalk/lib/libpebble.a(tmpN4as8bpebble.o)
                0x0000000000003f00                menu_layer_reload_data
 .text.menu_layer_set_click_config_onto_window
                0x0000000000003f0c        0xc /home/rebble/.pebble-sdk/SDKs/current/sdk-core/pebble/chalk/lib/libpebble.a(tmpN4as8bpebble.o)
                0x0000000000003f0c                menu_layer_set_click_config_onto_window
 .text.menu_layer_set_selected_index
                0x0000000000003f18        0xc /home/rebble/.pebble-sdk/SDKs/current/sdk-core/pebble/chalk/lib/libpebble.a(tmpN4as8bpebble.o)
                0x0000000000003f18                menu_layer_set_selected_index
 .text.resource_get_handle
                0x0000000000003f24        0xc /home/rebble/.pebble-sdk/SDKs/current/sdk-core/pebble/chalk/lib/libpebble.a(tmpN4as8bpebble.o)
                0x0000000000003f24                resource_get_handle
 .text.scroll_layer_add_child
                0x0000000000003f30        0xc /home/rebble/.pebble-sdk/SDKs/current/sdk-core/pebble/chalk/lib/libpebble.a(tmpN4as8bpebble.o)
                0x0000000000003f30                scroll_layer_add_child
 .text.scroll_layer_create
                0x0000000000003f3c        0xc /home/rebble/.pebble-sdk/SDKs/current/sdk-core/pebble/chalk/lib/libpebble.a(tmpN4as8bpebble.o)
                0x0000000000003f3c                scroll_layer_create
 .text.scroll_layer_destroy
                0x0000000000003f48        0xc /home/rebble/.pebble-sdk/SDKs/current/sdk-core/pebble/chalk/lib/libpebble.a(tmpN4as8bpebble.o)
                0x0000000000003f48                scroll_layer_destroy
 .text.scroll_layer_get_content_offset
                0x0000000000003f54        0xc /home/rebble/.pebble-sdk/SDKs/current/sdk-core/pebble/chalk/lib/libpebble.a(tmpN4as8bpebble.o)
                0x0000000000003f54                scroll_layer_get_content_offset
 .text.scroll_layer_get_content_size
                0x0000000000003f60        0xc /home/rebble/.pebble-sdk/SDKs/current/sdk-core/pebble/chalk/lib/libpebble.a(tmpN4as8bpebble.o)
                0x0000000000003f60                scroll_layer_get_content_size
 .text.scroll_layer_get_layer
                0x0000000000003f6c        0xc /home/rebble/.pebble-sdk/SDKs/current/sdk-core/pebble/chalk/lib/libpebble.a(tmpN4as8bpebble.o)
                0x0000000000003f6c                scroll_layer_get_layer
 .text.scroll_layer_set_click_config_onto_window
                0x0000000000003f78        0xc /home/rebble/.pebble-sdk/SDKs/current/sdk-core/pebble/chalk/lib/libpebble.a(tmpN4as8bpebble.o)
                0x0000000000003f78                scroll_layer_set_click_config_onto_window
 .text.scroll_layer_set_content_offset
                0x0000000000003f84        0xc /home/rebble/.pebble-sdk/SDKs/current/sdk-core/pebble/chalk/lib/libpebble.a(tmpN4as8bpebble.o)
                0x0000000000003f84                scroll_layer_set_content_offset
 .text.scroll_layer_set_content_size
                0x0000000000003f90        0xc /home/rebble/.pebble-sdk/SDKs/current/sdk-core/pebble/chalk/lib/libpebble.a(tmpN4as8bpebble.o)
                0x0000000000003f90                scroll_layer_set_content_size
 .text.scroll_layer_set_context
                0x0000000000003f9c        0xc /home/rebble/.pebble-sdk/SDKs/current/sdk-core/pebble/chalk/lib/libpebble.a(tmpN4as8bpebble.o)
                0x0000000000003f9c                scroll_layer_set_context
 .text.scroll_layer_set_shadow_hidden
                0x0000000000003fa8        0xc /home/rebble/.pebble-sdk/SDKs/current/sdk-core/pebble/chalk/lib/libpebble.a(tmpN4as8bpebble.o)
                0x0000000000003fa8                scroll_layer_set_shadow_hidden
 .text.sin_lookup
                0x0000000000003fb4        0xc /home/rebble/.pebble-sdk/SDKs/current/sdk-core/pebble/chalk/lib/libpebble.a(tmpN4as8bpebble.o)
                0x0000000000003fb4                sin_lookup
 .text.strftime
                0x0000000000003fc0        0xc /home/rebble/.pebble-sdk/SDKs/current/sdk-core/pebble/chalk/lib/libpebble.a(tmpN4as8bpebble.o)
                0x0000000000003fc0                strftime
 .text.strlen   0x0000000000003fcc        0xc /home/rebble/.pebble-sdk/SDKs/current/sdk-core/pebble/chalk/lib/libpebble.a(tmpN4as8bpebble.o)
                0x0000000000003fcc                strlen
 .text.strncpy  0x0000000000003fd8        0xc /home/rebble/.pebble-sdk/SDKs/current/sdk-core/pebble/chalk/lib/libpebble.a(tmpN4as8bpebble.o)
                0x0000000000003fd8                strncpy
 .text.tick_timer_service_subscribe
                0x0000000000003fe4        0xc /home/rebble/.pebble-sdk/SDKs/current/sdk-core/pebble/chalk/lib/libpebble.a(tmpN4as8bpebble.o)
                0x0000000000003fe4                tick_timer_service_subscribe
 .text.tick_timer_service_unsubscribe
                0x0000000000003ff0        0xc /home/rebble/.pebble-sdk/SDKs/current/sdk-core/pebble/chalk/lib/libpebble.a(tmpN4as8bpebble.o)
                0x0000000000003ff0                tick_timer_service_unsubscribe
 .text.vibes_double_pulse
                0x0000000000003ffc        0xc /home/rebble/.pebble-sdk/SDKs/current/sdk-core/pebble/chalk/lib/libpebble.a(tmpN4as8bpebble.o)
                0x0000000000003ffc                vibes_double_pulse
 .text.vibes_long_pulse
                0x0000000000004008        0xc /home/rebble/.pebble-sdk/SDKs/current/sdk-core/pebble/chalk/lib/libpebble.a(tmpN4as8bpebble.o)
                0x0000000000004008                vibes_long_pulse
 .text.vibes_short_pulse
                0x0000000000004014        0xc /home/rebble/.pebble-sdk/SDKs/current/sdk-core/pebble/chalk/lib/libpebble.a(tmpN4as8bpebble.o)
                0x0000000000004014                vibes_short_pulse
 .text.window_create
                0x0000000000004020        0xc /home/rebble/.pebble-sdk/SDKs/current/sdk-core/pebble/chalk/lib/libpebble.a(tmpN4as8bpebble.o)
                0x0000000000004020                window_create
 .text.window_destroy
                0x000000000000402c        0xc /home/rebble/.pebble-sdk/SDKs/current/sdk-core/pebble/chalk/lib/libpebble.a(tmpN4as8bpebble.o)
                0x000000000000402c                window_destroy
 .text.window_get_click_config_provider
                0x0000000000004038        0xc /home/rebble/.pebble-sdk/SDKs/current/sdk-core/pebble/chalk/lib/libpebble.a(tmpN4as8bpebble.o)
                0x0000000000004038                window_get_click_config_provider
 .text.window_get_root_layer
                0x0000000000004044        0xc /home/rebble/.pebble-sdk/SDKs/current/sdk-core/pebble/chalk/lib/libpebble.a(tmpN4as8bpebble.o)
                0x0000000000004044                window_get_root_layer
 .text.window_set_click_config_provider_with_context
                0x0000000000004050        0xc /home/rebble/.pebble-sdk/SDKs/current/sdk-core/pebble/chalk/lib/libpebble.a(tmpN4as8bpebble.o)
                0x0000000000004050                window_set_click_config_provider_with_context
 .text.window_set_window_handlers
                0x000000000000405c        0xc /home/rebble/.pebble-sdk/SDKs/current/sdk-core/pebble/chalk/lib/libpebble.a(tmpN4as8bpebble.o)
                0x000000000000405c                window_set_window_handlers
 .text.window_stack_get_top_window
                0x0000000000004068        0xc /home/rebble/.pebble-sdk/SDKs/current/sdk-core/pebble/chalk/lib/libpebble.a(tmpN4as8bpebble.o)
                0x0000000000004068                window_stack_get_top_window
 .text.window_stack_pop
                0x0000000000004074        0xc /home/rebble/.pebble-sdk/SDKs/current/sdk-core/pebble/chalk/lib/libpebble.a(tmpN4as8bpebble.o)
                0x0000000000004074                window_stack_pop
 .text.window_stack_pop_all
                0x0000000000004080        0xc /home/rebble/.pebble-sdk/SDKs/current/sdk-core/pebble/chalk/lib/libpebble.a(tmpN4as8bpebble.o)
                0x0000000000004080                window_stack_pop_all
 .text.window_stack_push
                0x000000000000408c        0xc /home/rebble/.pebble-sdk/SDKs/current/sdk-core/pebble/chalk/lib/libpebble.a(tmpN4as8bpebble.o)
                0x000000000000408c                window_stack_push
 .text.window_stack_remove
                0x0000000000004098        0xc /home/rebble/.pebble-sdk/SDKs/current/sdk-core/pebble/chalk/lib/libpebble.a(tmpN4as8bpebble.o)
                0x0000000000004098                window_stack_remove
 .text.window_get_user_data
                0x00000000000040a4        0xc /home/rebble/.pebble-sdk/SDKs/current/sdk-core/pebble/chalk/lib/libpebble.a(tmpN4as8bpebble.o)
                0x00000000000040a4                window_get_user_data
 .text.window_set_user_data
                0x00000000000040b0        0xc /home/rebble/.pebble-sdk/SDKs/current/sdk-core/pebble/chalk/lib/libpebble.a(tmpN4as8bpebble.o)
                0x00000000000040b0                window_set_user_data
 .text.app_message_outbox_begin
                0x00000000000040bc        0xc /home/rebble/.pebble-sdk/SDKs/current/sdk-core/pebble/chalk/lib/libpebble.a(tmpN4as8bpebble.o)
                0x00000000000040bc                app_message_outbox_begin
 .text.app_message_outbox_send
                0x00000000000040c8        0xc /home/rebble/.pebble-sdk/SDKs/current/sdk-core/pebble/chalk/lib/libpebble.a(tmpN4as8bpebble.o)
                0x00000000000040c8                app_message_outbox_send
 .text.app_message_register_inbox_dropped
                0x00000000000040d4        0xc /home/rebble/.pebble-sdk/SDKs/current/sdk-core/pebble/chalk/lib/libpebble.a(tmpN4as8bpebble.o)
                0x00000000000040d4                app_message_register_inbox_dropped
 .text.app_message_register_inbox_received
                0x00000000000040e0        0xc /home/rebble/.pebble-sdk/SDKs/current/sdk-core/pebble/chalk/lib/libpebble.a(tmpN4as8bpebble.o)
                0x00000000000040e0                app_message_register_inbox_received
 .text.app_message_register_outbox_failed
                0x00000000000040ec        0xc /home/rebble/.pebble-sdk/SDKs/current/sdk-core/pebble/chalk/lib/libpebble.a(tmpN4as8bpebble.o)
                0x00000000000040ec                app_message_register_outbox_failed
 .text.app_message_register_outbox_sent
                0x00000000000040f8        0xc /home/rebble/.pebble-sdk/SDKs/current/sdk-core/pebble/chalk/lib/libpebble.a(tmpN4as8bpebble.o)
                0x00000000000040f8                app_message_register_outbox_sent
 .text.app_message_set_context
                0x0000000000004104        0xc /home/rebble/.pebble-sdk/SDKs/current/sdk-core/pebble/chalk/lib/libpebble.a(tmpN4as8bpebble.o)
                0x0000000000004104                app_message_set_context
 .text.window_long_click_subscribe
                0x0000000000004110        0xc /home/rebble/.pebble-sdk/SDKs/current/sdk-core/pebble/chalk/lib/libpebble.a(tmpN4as8bpebble.o)
                0x0000000000004110                window_long_click_subscribe
 .text.window_set_click_context
                0x000000000000411c        0xc /home/rebble/.pebble-sdk/SDKs/current/sdk-core/pebble/chalk/lib/libpebble.a(tmpN4as8bpebble.o)
                0x000000000000411c                window_set_click_context
 .text.window_single_click_subscribe
                0x0000000000004128        0xc /home/rebble/.pebble-sdk/SDKs/current/sdk-core/pebble/chalk/lib/libpebble.a(tmpN4as8bpebble.o)
                0x0000000000004128                window_single_click_subscribe
 .text.graphics_draw_text
                0x0000000000004134        0xc /home/rebble/.pebble-sdk/SDKs/current/sdk-core/pebble/chalk/lib/libpebble.a(tmpN4as8bpebble.o)
                0x0000000000004134                graphics_draw_text
 .text.accel_data_service_subscribe
                0x0000000000004140        0xc /home/rebble/.pebble-sdk/SDKs/current/sdk-core/pebble/chalk/lib/libpebble.a(tmpN4as8bpebble.o)
                0x0000000000004140                accel_data_service_subscribe
 .text.launch_reason
                0x000000000000414c        0xc /home/rebble/.pebble-sdk/SDKs/current/sdk-core/pebble/chalk/lib/libpebble.a(tmpN4as8bpebble.o)
                0x000000000000414c                launch_reason
 .text.wakeup_cancel
                0x0000000000004158        0xc /home/rebble/.pebble-sdk/SDKs/current/sdk-core/pebble/chalk/lib/libpebble.a(tmpN4as8bpebble.o)
                0x0000000000004158                wakeup_cancel
 .text.wakeup_cancel_all
                0x0000000000004164        0xc /home/rebble/.pebble-sdk/SDKs/current/sdk-core/pebble/chalk/lib/libpebble.a(tmpN4as8bpebble.o)
                0x0000000000004164                wakeup_cancel_all
 .text.wakeup_get_launch_event
                0x0000000000004170        0xc /home/rebble/.pebble-sdk/SDKs/current/sdk-core/pebble/chalk/lib/libpebble.a(tmpN4as8bpebble.o)
                0x0000000000004170                wakeup_get_launch_event
 .text.wakeup_schedule
                0x000000000000417c        0xc /home/rebble/.pebble-sdk/SDKs/current/sdk-core/pebble/chalk/lib/libpebble.a(tmpN4as8bpebble.o)
                0x000000000000417c                wakeup_schedule
 .text.wakeup_service_subscribe
                0x0000000000004188        0xc /home/rebble/.pebble-sdk/SDKs/current/sdk-core/pebble/chalk/lib/libpebble.a(tmpN4as8bpebble.o)
                0x0000000000004188                wakeup_service_subscribe
 .text.clock_is_timezone_set
                0x0000000000004194        0xc /home/rebble/.pebble-sdk/SDKs/current/sdk-core/pebble/chalk/lib/libpebble.a(tmpN4as8bpebble.o)
                0x0000000000004194                clock_is_timezone_set
 .text.graphics_context_set_fill_color
                0x00000000000041a0        0xc /home/rebble/.pebble-sdk/SDKs/current/sdk-core/pebble/chalk/lib/libpebble.a(tmpN4as8bpebble.o)
                0x00000000000041a0                graphics_context_set_fill_color
 .text.graphics_context_set_stroke_color
                0x00000000000041ac        0xc /home/rebble/.pebble-sdk/SDKs/current/sdk-core/pebble/chalk/lib/libpebble.a(tmpN4as8bpebble.o)
                0x00000000000041ac                graphics_context_set_stroke_color
 .text.graphics_context_set_text_color
                0x00000000000041b8        0xc /home/rebble/.pebble-sdk/SDKs/current/sdk-core/pebble/chalk/lib/libpebble.a(tmpN4as8bpebble.o)
                0x00000000000041b8                graphics_context_set_text_color
 .text.window_set_background_color
                0x00000000000041c4        0xc /home/rebble/.pebble-sdk/SDKs/current/sdk-core/pebble/chalk/lib/libpebble.a(tmpN4as8bpebble.o)
                0x00000000000041c4                window_set_background_color
 .text.localtime
                0x00000000000041d0        0xc /home/rebble/.pebble-sdk/SDKs/current/sdk-core/pebble/chalk/lib/libpebble.a(tmpN4as8bpebble.o)
                0x00000000000041d0                localtime
 .text.animation_destroy
                0x00000000000041dc        0xc /home/rebble/.pebble-sdk/SDKs/current/sdk-core/pebble/chalk/lib/libpebble.a(tmpN4as8bpebble.o)
                0x00000000000041dc                animation_destroy
 .text.animation_schedule
                0x00000000000041e8        0xc /home/rebble/.pebble-sdk/SDKs/current/sdk-core/pebble/chalk/lib/libpebble.a(tmpN4as8bpebble.o)
                0x00000000000041e8                animation_schedule
 .text.animation_set_curve
                0x00000000000041f4        0xc /home/rebble/.pebble-sdk/SDKs/current/sdk-core/pebble/chalk/lib/libpebble.a(tmpN4as8bpebble.o)
                0x00000000000041f4                animation_set_curve
 .text.animation_set_duration
                0x0000000000004200        0xc /home/rebble/.pebble-sdk/SDKs/current/sdk-core/pebble/chalk/lib/libpebble.a(tmpN4as8bpebble.o)
                0x0000000000004200                animation_set_duration
 .text.animation_set_handlers
                0x000000000000420c        0xc /home/rebble/.pebble-sdk/SDKs/current/sdk-core/pebble/chalk/lib/libpebble.a(tmpN4as8bpebble.o)
                0x000000000000420c                animation_set_handlers
 .text.animation_unschedule
                0x0000000000004218        0xc /home/rebble/.pebble-sdk/SDKs/current/sdk-core/pebble/chalk/lib/libpebble.a(tmpN4as8bpebble.o)
                0x0000000000004218                animation_unschedule
 .text.property_animation_create
                0x0000000000004224        0xc /home/rebble/.pebble-sdk/SDKs/current/sdk-core/pebble/chalk/lib/libpebble.a(tmpN4as8bpebble.o)
                0x0000000000004224                property_animation_create
 .text.property_animation_destroy
                0x0000000000004230        0xc /home/rebble/.pebble-sdk/SDKs/current/sdk-core/pebble/chalk/lib/libpebble.a(tmpN4as8bpebble.o)
                0x0000000000004230                property_animation_destroy
 .text.property_animation_from
                0x000000000000423c        0xc /home/rebble/.pebble-sdk/SDKs/current/sdk-core/pebble/chalk/lib/libpebble.a(tmpN4as8bpebble.o)
                0x000000000000423c                property_animation_from
 .text.property_animation_to
                0x0000000000004248        0xc /home/rebble/.pebble-sdk/SDKs/current/sdk-core/pebble/chalk/lib/libpebble.a(tmpN4as8bpebble.o)
                0x0000000000004248                property_animation_to
 .text.property_animation_update_grect
                0x0000000000004254        0xc /home/rebble/.pebble-sdk/SDKs/current/sdk-core/pebble/chalk/lib/libpebble.a(tmpN4as8bpebble.o)
                0x0000000000004254                property_animation_update_grect
 .text.gbitmap_get_bounds
                0x0000000000004260        0xc /home/rebble/.pebble-sdk/SDKs/current/sdk-core/pebble/chalk/lib/libpebble.a(tmpN4as8bpebble.o)
                0x0000000000004260                gbitmap_get_bounds
 .text.gbitmap_get_format
                0x000000000000426c        0xc /home/rebble/.pebble-sdk/SDKs/current/sdk-core/pebble/chalk/lib/libpebble.a(tmpN4as8bpebble.o)
                0x000000000000426c                gbitmap_get_format
 .text.gbitmap_get_palette
                0x0000000000004278        0xc /home/rebble/.pebble-sdk/SDKs/current/sdk-core/pebble/chalk/lib/libpebble.a(tmpN4as8bpebble.o)
                0x0000000000004278                gbitmap_get_palette
 .text.gbitmap_set_palette
                0x0000000000004284        0xc /home/rebble/.pebble-sdk/SDKs/current/sdk-core/pebble/chalk/lib/libpebble.a(tmpN4as8bpebble.o)
                0x0000000000004284                gbitmap_set_palette
 .text.gbitmap_create_from_png_data
                0x0000000000004290        0xc /home/rebble/.pebble-sdk/SDKs/current/sdk-core/pebble/chalk/lib/libpebble.a(tmpN4as8bpebble.o)
                0x0000000000004290                gbitmap_create_from_png_data
 .text.launch_get_args
                0x000000000000429c        0xc /home/rebble/.pebble-sdk/SDKs/current/sdk-core/pebble/chalk/lib/libpebble.a(tmpN4as8bpebble.o)
                0x000000000000429c                launch_get_args
 .text.menu_layer_create
                0x00000000000042a8        0xc /home/rebble/.pebble-sdk/SDKs/current/sdk-core/pebble/chalk/lib/libpebble.a(tmpN4as8bpebble.o)
                0x00000000000042a8                menu_layer_create
 .text.graphics_context_set_antialiased
                0x00000000000042b4        0xc /home/rebble/.pebble-sdk/SDKs/current/sdk-core/pebble/chalk/lib/libpebble.a(tmpN4as8bpebble.o)
                0x00000000000042b4                graphics_context_set_antialiased
 .text.graphics_context_set_stroke_width
                0x00000000000042c0        0xc /home/rebble/.pebble-sdk/SDKs/current/sdk-core/pebble/chalk/lib/libpebble.a(tmpN4as8bpebble.o)
                0x00000000000042c0                graphics_context_set_stroke_width
 .text.action_bar_layer_add_to_window
                0x00000000000042cc        0xc /home/rebble/.pebble-sdk/SDKs/current/sdk-core/pebble/chalk/lib/libpebble.a(tmpN4as8bpebble.o)
                0x00000000000042cc                action_bar_layer_add_to_window
 .text.action_bar_layer_clear_icon
                0x00000000000042d8        0xc /home/rebble/.pebble-sdk/SDKs/current/sdk-core/pebble/chalk/lib/libpebble.a(tmpN4as8bpebble.o)
                0x00000000000042d8                action_bar_layer_clear_icon
 .text.action_bar_layer_create
                0x00000000000042e4        0xc /home/rebble/.pebble-sdk/SDKs/current/sdk-core/pebble/chalk/lib/libpebble.a(tmpN4as8bpebble.o)
                0x00000000000042e4                action_bar_layer_create
 .text.action_bar_layer_destroy
                0x00000000000042f0        0xc /home/rebble/.pebble-sdk/SDKs/current/sdk-core/pebble/chalk/lib/libpebble.a(tmpN4as8bpebble.o)
                0x00000000000042f0                action_bar_layer_destroy
 .text.action_bar_layer_get_layer
                0x00000000000042fc        0xc /home/rebble/.pebble-sdk/SDKs/current/sdk-core/pebble/chalk/lib/libpebble.a(tmpN4as8bpebble.o)
                0x00000000000042fc                action_bar_layer_get_layer
 .text.action_bar_layer_remove_from_window
                0x0000000000004308        0xc /home/rebble/.pebble-sdk/SDKs/current/sdk-core/pebble/chalk/lib/libpebble.a(tmpN4as8bpebble.o)
                0x0000000000004308                action_bar_layer_remove_from_window
 .text.action_bar_layer_set_background_color
                0x0000000000004314        0xc /home/rebble/.pebble-sdk/SDKs/current/sdk-core/pebble/chalk/lib/libpebble.a(tmpN4as8bpebble.o)
                0x0000000000004314                action_bar_layer_set_background_color
 .text.action_bar_layer_set_click_config_provider
                0x0000000000004320        0xc /home/rebble/.pebble-sdk/SDKs/current/sdk-core/pebble/chalk/lib/libpebble.a(tmpN4as8bpebble.o)
                0x0000000000004320                action_bar_layer_set_click_config_provider
 .text.action_bar_layer_set_context
                0x000000000000432c        0xc /home/rebble/.pebble-sdk/SDKs/current/sdk-core/pebble/chalk/lib/libpebble.a(tmpN4as8bpebble.o)
                0x000000000000432c                action_bar_layer_set_context
 .text.action_bar_layer_set_icon
                0x0000000000004338        0xc /home/rebble/.pebble-sdk/SDKs/current/sdk-core/pebble/chalk/lib/libpebble.a(tmpN4as8bpebble.o)
                0x0000000000004338                action_bar_layer_set_icon
 .text.menu_cell_layer_is_highlighted
                0x0000000000004344        0xc /home/rebble/.pebble-sdk/SDKs/current/sdk-core/pebble/chalk/lib/libpebble.a(tmpN4as8bpebble.o)
                0x0000000000004344                menu_cell_layer_is_highlighted
 .text.time     0x0000000000004350        0xc /home/rebble/.pebble-sdk/SDKs/current/sdk-core/pebble/chalk/lib/libpebble.a(tmpN4as8bpebble.o)
                0x0000000000004350                time
 .text.menu_layer_set_highlight_colors
                0x000000000000435c        0xc /home/rebble/.pebble-sdk/SDKs/current/sdk-core/pebble/chalk/lib/libpebble.a(tmpN4as8bpebble.o)
                0x000000000000435c                menu_layer_set_highlight_colors
 .text.menu_layer_set_normal_colors
                0x0000000000004368        0xc /home/rebble/.pebble-sdk/SDKs/current/sdk-core/pebble/chalk/lib/libpebble.a(tmpN4as8bpebble.o)
                0x0000000000004368                menu_layer_set_normal_colors
 .text.menu_layer_set_callbacks
                0x0000000000004374        0xc /home/rebble/.pebble-sdk/SDKs/current/sdk-core/pebble/chalk/lib/libpebble.a(tmpN4as8bpebble.o)
                0x0000000000004374                menu_layer_set_callbacks
 .text.status_bar_layer_create
                0x0000000000004380        0xc /home/rebble/.pebble-sdk/SDKs/current/sdk-core/pebble/chalk/lib/libpebble.a(tmpN4as8bpebble.o)
                0x0000000000004380                status_bar_layer_create
 .text.status_bar_layer_destroy
                0x000000000000438c        0xc /home/rebble/.pebble-sdk/SDKs/current/sdk-core/pebble/chalk/lib/libpebble.a(tmpN4as8bpebble.o)
                0x000000000000438c                status_bar_layer_destroy
 .text.status_bar_layer_get_layer
                0x0000000000004398        0xc /home/rebble/.pebble-sdk/SDKs/current/sdk-core/pebble/chalk/lib/libpebble.a(tmpN4as8bpebble.o)
                0x0000000000004398                status_bar_layer_get_layer
 .text.status_bar_layer_set_colors
                0x00000000000043a4        0xc /home/rebble/.pebble-sdk/SDKs/current/sdk-core/pebble/chalk/lib/libpebble.a(tmpN4as8bpebble.o)
                0x00000000000043a4                status_bar_layer_set_colors
 .text.status_bar_layer_set_separator_mode
                0x00000000000043b0        0xc /home/rebble/.pebble-sdk/SDKs/current/sdk-core/pebble/chalk/lib/libpebble.a(tmpN4as8bpebble.o)
                0x00000000000043b0                status_bar_layer_set_separator_mode
 .text.time_ms  0x00000000000043bc        0xc /home/rebble/.pebble-sdk/SDKs/current/sdk-core/pebble/chalk/lib/libpebble.a(tmpN4as8bpebble.o)
                0x00000000000043bc                time_ms
 .text.dictation_session_create
                0x00000000000043c8        0xc /home/rebble/.pebble-sdk/SDKs/current/sdk-core/pebble/chalk/lib/libpebble.a(tmpN4as8bpebble.o)
                0x00000000000043c8                dictation_session_create
 .text.dictation_session_enable_confirmation
                0x00000000000043d4        0xc /home/rebble/.pebble-sdk/SDKs/current/sdk-core/pebble/chalk/lib/libpebble.a(tmpN4as8bpebble.o)
                0x00000000000043d4                dictation_session_enable_confirmation
 .text.dictation_session_start
                0x00000000000043e0        0xc /home/rebble/.pebble-sdk/SDKs/current/sdk-core/pebble/chalk/lib/libpebble.a(tmpN4as8bpebble.o)
                0x00000000000043e0                dictation_session_start
 .text.dictation_session_stop
                0x00000000000043ec        0xc /home/rebble/.pebble-sdk/SDKs/current/sdk-core/pebble/chalk/lib/libpebble.a(tmpN4as8bpebble.o)
                0x00000000000043ec                dictation_session_stop
 .text.grect_inset
                0x00000000000043f8        0xc /home/rebble/.pebble-sdk/SDKs/current/sdk-core/pebble/chalk/lib/libpebble.a(tmpN4as8bpebble.o)
                0x00000000000043f8                grect_inset
 .text.gpoint_from_polar
                0x0000000000004404        0xc /home/rebble/.pebble-sdk/SDKs/current/sdk-core/pebble/chalk/lib/libpebble.a(tmpN4as8bpebble.o)
                0x0000000000004404                gpoint_from_polar
 .text.graphics_draw_arc
                0x0000000000004410        0xc /home/rebble/.pebble-sdk/SDKs/current/sdk-core/pebble/chalk/lib/libpebble.a(tmpN4as8bpebble.o)
                0x0000000000004410                graphics_draw_arc
 .text.graphics_fill_radial
                0x000000000000441c        0xc /home/rebble/.pebble-sdk/SDKs/current/sdk-core/pebble/chalk/lib/libpebble.a(tmpN4as8bpebble.o)
                0x000000000000441c                graphics_fill_radial
 .text.graphics_text_attributes_create
                0x0000000000004428        0xc /home/rebble/.pebble-sdk/SDKs/current/sdk-core/pebble/chalk/lib/libpebble.a(tmpN4as8bpebble.o)
                0x0000000000004428                graphics_text_attributes_create
 .text.graphics_text_attributes_destroy
                0x0000000000004434        0xc /home/rebble/.pebble-sdk/SDKs/current/sdk-core/pebble/chalk/lib/libpebble.a(tmpN4as8bpebble.o)
                0x0000000000004434                graphics_text_attributes_destroy
 .text.graphics_text_attributes_enable_paging
                0x0000000000004440        0xc /home/rebble/.pebble-sdk/SDKs/current/sdk-core/pebble/chalk/lib/libpebble.a(tmpN4as8bpebble.o)
                0x0000000000004440                graphics_text_attributes_enable_paging
 .text.graphics_text_attributes_enable_screen_text_flow
                0x000000000000444c        0xc /home/rebble/.pebble-sdk/SDKs/current/sdk-core/pebble/chalk/lib/libpebble.a(tmpN4as8bpebble.o)
                0x000000000000444c                graphics_text_attributes_enable_screen_text_flow
 .text.graphics_text_layout_get_content_size_with_attributes
                0x0000000000004458        0xc /home/rebble/.pebble-sdk/SDKs/current/sdk-core/pebble/chalk/lib/libpebble.a(tmpN4as8bpebble.o)
                0x0000000000004458                graphics_text_layout_get_content_size_with_attributes
 .text.layer_convert_point_to_screen
                0x0000000000004464        0xc /home/rebble/.pebble-sdk/SDKs/current/sdk-core/pebble/chalk/lib/libpebble.a(tmpN4as8bpebble.o)
                0x0000000000004464                layer_convert_point_to_screen
 .text.layer_convert_rect_to_screen
                0x0000000000004470        0xc /home/rebble/.pebble-sdk/SDKs/current/sdk-core/pebble/chalk/lib/libpebble.a(tmpN4as8bpebble.o)
                0x0000000000004470                layer_convert_rect_to_screen
 .text.scroll_layer_set_paging
                0x000000000000447c        0xc /home/rebble/.pebble-sdk/SDKs/current/sdk-core/pebble/chalk/lib/libpebble.a(tmpN4as8bpebble.o)
                0x000000000000447c                scroll_layer_set_paging
 .text.menu_layer_is_index_selected
                0x0000000000004488        0xc /home/rebble/.pebble-sdk/SDKs/current/sdk-core/pebble/chalk/lib/libpebble.a(tmpN4as8bpebble.o)
                0x0000000000004488                menu_layer_is_index_selected
 *(.rodata)
 *(.rodata*)
 .rodata.str1.1
                0x0000000000004494       0x1b src/simply/simply_menu.c.24.o
                                         0x1c (size before relaxing)
 .rodata.str1.1
                0x00000000000044af       0x26 src/simply/simply_msg.c.24.o
 .rodata.str1.1
                0x00000000000044d5       0x16 src/simply/simply_stage.c.24.o
 .rodata.CSWTCH.22
                0x00000000000044eb        0x7 src/simply/simply_stage.c.24.o
 .rodata.str1.1
                0x00000000000044f2       0x7d src/simply/simply_ui.c.24.o
 .rodata.str1.1
                0x0000000000000000        0x1 src/simply/simply_voice.c.24.o

.glue_7         0x0000000000004570        0x0
 .glue_7        0x0000000000000000        0x0 linker stubs

.glue_7t        0x0000000000004570        0x0
 .glue_7t       0x0000000000000000        0x0 linker stubs

.vfp11_veneer   0x0000000000004570        0x0
 .vfp11_veneer  0x0000000000000000        0x0 linker stubs

.v4_bx          0x0000000000004570        0x0
 .v4_bx         0x0000000000000000        0x0 linker stubs

.iplt           0x0000000000004570        0x0
 .iplt          0x0000000000000000        0x0 /home/rebble/pebble-dev/pebble-sdk-4.6-rc2-linux64/arm-cs-tools/bin/../lib/gcc/arm-none-eabi/4.7.2/thumb2/crtbegin.o

.rel.dyn        0x0000000000004570        0x0
 .rel.iplt      0x0000000000000000        0x0 /home/rebble/pebble-dev/pebble-sdk-4.6-rc2-linux64/arm-cs-tools/bin/../lib/gcc/arm-none-eabi/4.7.2/thumb2/crtbegin.o

.ARM.exidx      0x0000000000004570        0x8
 .ARM.exidx     0x0000000000004570        0x8 /home/rebble/pebble-dev/pebble-sdk-4.6-rc2-linux64/arm-cs-tools/bin/../lib/gcc/arm-none-eabi/4.7.2/thumb2/libgcc.a(_divdi3.o)
 .ARM.exidx     0x0000000000004578        0x0 /home/rebble/pebble-dev/pebble-sdk-4.6-rc2-linux64/arm-cs-tools/bin/../lib/gcc/arm-none-eabi/4.7.2/thumb2/libgcc.a(_udivdi3.o)
                                          0x8 (size before relaxing)

.data           0x0000000000004578       0xae
 *(.data)
 .data          0x0000000000004578        0x0 /home/rebble/pebble-dev/pebble-sdk-4.6-rc2-linux64/arm-cs-tools/bin/../lib/gcc/arm-none-eabi/4.7.2/thumb2/crti.o
 .data          0x0000000000004578        0x4 /home/rebble/pebble-dev/pebble-sdk-4.6-rc2-linux64/arm-cs-tools/bin/../lib/gcc/arm-none-eabi/4.7.2/thumb2/crtbegin.o
                0x0000000000004578                __dso_handle
 .data          0x000000000000457c        0x0 src/main.c.24.o
 .data          0x000000000000457c        0x0 src/simply/simply.c.24.o
 .data          0x000000000000457c        0x0 src/simply/simply_accel.c.24.o
 .data          0x000000000000457c        0x0 src/simply/simply_menu.c.24.o
 .data          0x000000000000457c        0x0 src/simply/simply_msg.c.24.o
 .data          0x000000000000457c        0x0 src/simply/simply_res.c.24.o
 .data          0x000000000000457c        0x0 src/simply/simply_splash.c.24.o
 .data          0x000000000000457c        0x0 src/simply/simply_stage.c.24.o
 .data          0x000000000000457c        0x0 src/simply/simply_ui.c.24.o
 .data          0x000000000000457c        0x0 src/simply/simply_voice.c.24.o
 .data          0x000000000000457c        0x0 src/simply/simply_wakeup.c.24.o
 .data          0x000000000000457c        0x0 src/simply/simply_window.c.24.o
 .data          0x000000000000457c        0x0 src/simply/simply_window_stack.c.24.o
 .data          0x000000000000457c        0x0 chalk/appinfo.auto.c.24.o
 .data          0x000000000000457c        0x0 chalk/src/resource_ids.auto.c.24.o
 .data          0x000000000000457c        0x0 /home/rebble/.pebble-sdk/SDKs/current/sdk-core/pebble/chalk/lib/libpebble.a(tmpN4as8bpebble.o)
 .data          0x000000000000457c        0x0 /home/rebble/pebble-dev/pebble-sdk-4.6-rc2-linux64/arm-cs-tools/bin/../lib/gcc/arm-none-eabi/4.7.2/thumb2/libgcc.a(_aeabi_ldivmod.o)
 .data          0x000000000000457c        0x0 /home/rebble/pebble-dev/pebble-sdk-4.6-rc2-linux64/arm-cs-tools/bin/../lib/gcc/arm-none-eabi/4.7.2/thumb2/libgcc.a(bpabi.o)
 .data          0x000000000000457c        0x0 /home/rebble/pebble-dev/pebble-sdk-4.6-rc2-linux64/arm-cs-tools/bin/../lib/gcc/arm-none-eabi/4.7.2/thumb2/libgcc.a(_dvmd_tls.o)
 .data          0x000000000000457c        0x0 /home/rebble/pebble-dev/pebble-sdk-4.6-rc2-linux64/arm-cs-tools/bin/../lib/gcc/arm-none-eabi/4.7.2/thumb2/libgcc.a(_divdi3.o)
 .data          0x000000000000457c        0x0 /home/rebble/pebble-dev/pebble-sdk-4.6-rc2-linux64/arm-cs-tools/bin/../lib/gcc/arm-none-eabi/4.7.2/thumb2/libgcc.a(_udivdi3.o)
 .data          0x000000000000457c        0x0 /home/rebble/pebble-dev/pebble-sdk-4.6-rc2-linux64/arm-cs-tools/bin/../lib/gcc/arm-none-eabi/4.7.2/thumb2/libgcc.a(_udivsi3.o)
 .data          0x000000000000457c        0x0 /home/rebble/pebble-dev/pebble-sdk-4.6-rc2-linux64/arm-cs-tools/bin/../lib/gcc/arm-none-eabi/4.7.2/thumb2/crtend.o
 .data          0x000000000000457c        0x0 /home/rebble/pebble-dev/pebble-sdk-4.6-rc2-linux64/arm-cs-tools/bin/../lib/gcc/arm-none-eabi/4.7.2/thumb2/crtn.o
 *(.data.*)
 .data.rel.ro.local.s_window_handlers.8465
                0x000000000000457c       0x10 src/simply/simply_menu.c.24.o
 .data.s_normal_palette
                0x000000000000458c        0x2 src/simply/simply_menu.c.24.o
 .data.s_inverted_palette
                0x000000000000458e        0x2 src/simply/simply_menu.c.24.o
 .data.rel.ro.implementation.8380
                0x0000000000004590       0x14 src/simply/simply_stage.c.24.o
 .data.rel.ro.local.s_window_handlers.8506
                0x00000000000045a4       0x10 src/simply/simply_stage.c.24.o
 .data.rel.ro.local.s_window_handlers.8245
                0x00000000000045b4       0x10 src/simply/simply_ui.c.24.o
 .data.rel.ro.local.STYLES
                0x00000000000045c4       0x5f src/simply/simply_ui.c.24.o
 .data.s_button_palette
                0x0000000000004623        0x2 src/simply/simply_window.c.24.o
 .data.s_broadcast_window
                0x0000000000004625        0x1 src/simply/simply_window_stack.c.24.o

.igot.plt       0x0000000000004628        0x0
 .igot.plt      0x0000000000000000        0x0 /home/rebble/pebble-dev/pebble-sdk-4.6-rc2-linux64/arm-cs-tools/bin/../lib/gcc/arm-none-eabi/4.7.2/thumb2/crtbegin.o

.bss            0x0000000000004628      0x118
 *(.bss)
 *(.bss.*)
 .bss.s_accel   0x0000000000004628        0x4 src/simply/simply_accel.c.24.o
 .bss.s_provider.8021
                0x000000000000462c        0x4 src/simply/simply_menu.c.24.o
 .bss.s_has_communicated
                0x0000000000004630        0x1 src/simply/simply_msg.c.24.o
 *fill*         0x0000000000004631        0x3 
 .bss.s_msg     0x0000000000004634        0x4 src/simply/simply_msg.c.24.o
 .bss.time_text.8267
                0x0000000000004638      0x100 src/simply/simply_stage.c.24.o
 .bss.s_voice   0x0000000000004738        0x4 src/simply/simply_voice.c.24.o
 .bss.s_provider.8025
                0x000000000000473c        0x4 src/simply/simply_window.c.24.o

DISCARD
 libc.a(*)
 libm.a(*)
 libgcc.a(*)
 *(.eh_frame)
OUTPUT(/home/rebble/colectivos-de-rosario-pebble/build/chalk/pebble-app.elf elf32-littlearm)

.ARM.attributes
                0x0000000000000000       0x27
 .ARM.attributes
                0x0000000000000000       0x19 /home/rebble/pebble-dev/pebble-sdk-4.6-rc2-linux64/arm-cs-tools/bin/../lib/gcc/arm-none-eabi/4.7.2/thumb2/crti.o
 .ARM.attributes
                0x0000000000000019       0x29 /home/rebble/pebble-dev/pebble-sdk-4.6-rc2-linux64/arm-cs-tools/bin/../lib/gcc/arm-none-eabi/4.7.2/thumb2/crtbegin.o
 .ARM.attributes
                0x0000000000000042       0x33 src/main.c.24.o
 .ARM.attributes
                0x0000000000000075       0x33 src/simply/simply.c.24.o
 .ARM.attributes
                0x00000000000000a8       0x33 src/simply/simply_accel.c.24.o
 .ARM.attributes
                0x00000000000000db       0x33 src/simply/simply_menu.c.24.o
 .ARM.attributes
                0x000000000000010e       0x33 src/simply/simply_msg.c.24.o
 .ARM.attributes
                0x0000000000000141       0x33 src/simply/simply_res.c.24.o
 .ARM.attributes
                0x0000000000000174       0x33 src/simply/simply_splash.c.24.o
 .ARM.attributes
                0x00000000000001a7       0x33 src/simply/simply_stage.c.24.o
 .ARM.attributes
                0x00000000000001da       0x33 src/simply/simply_ui.c.24.o
 .ARM.attributes
                0x000000000000020d       0x33 src/simply/simply_voice.c.24.o
 .ARM.attributes
                0x0000000000000240       0x33 src/simply/simply_wakeup.c.24.o
 .ARM.attributes
                0x0000000000000273       0x33 src/simply/simply_window.c.24.o
 .ARM.attributes
                0x00000000000002a6       0x33 src/simply/simply_window_stack.c.24.o
 .ARM.attributes
                0x00000000000002d9       0x33 chalk/appinfo.auto.c.24.o
 .ARM.attributes
                0x000000000000030c       0x33 chalk/src/resource_ids.auto.c.24.o
 .ARM.attributes
                0x000000000000033f       0x21 /home/rebble/.pebble-sdk/SDKs/current/sdk-core/pebble/chalk/lib/libpebble.a(tmpN4as8bpebble.o)
 .ARM.attributes
                0x0000000000000360       0x19 /home/rebble/pebble-dev/pebble-sdk-4.6-rc2-linux64/arm-cs-tools/bin/../lib/gcc/arm-none-eabi/4.7.2/thumb2/libgcc.a(_aeabi_ldivmod.o)
 .ARM.attributes
                0x0000000000000379       0x29 /home/rebble/pebble-dev/pebble-sdk-4.6-rc2-linux64/arm-cs-tools/bin/../lib/gcc/arm-none-eabi/4.7.2/thumb2/libgcc.a(bpabi.o)
 .ARM.attributes
                0x00000000000003a2       0x19 /home/rebble/pebble-dev/pebble-sdk-4.6-rc2-linux64/arm-cs-tools/bin/../lib/gcc/arm-none-eabi/4.7.2/thumb2/libgcc.a(_dvmd_tls.o)
 .ARM.attributes
                0x00000000000003bb       0x29 /home/rebble/pebble-dev/pebble-sdk-4.6-rc2-linux64/arm-cs-tools/bin/../lib/gcc/arm-none-eabi/4.7.2/thumb2/libgcc.a(_divdi3.o)
 .ARM.attributes
                0x00000000000003e4       0x29 /home/rebble/pebble-dev/pebble-sdk-4.6-rc2-linux64/arm-cs-tools/bin/../lib/gcc/arm-none-eabi/4.7.2/thumb2/libgcc.a(_udivdi3.o)
 .ARM.attributes
                0x000000000000040d       0x19 /home/rebble/pebble-dev/pebble-sdk-4.6-rc2-linux64/arm-cs-tools/bin/../lib/gcc/arm-none-eabi/4.7.2/thumb2/libgcc.a(_udivsi3.o)
 .ARM.attributes
                0x0000000000000426       0x29 /home/rebble/pebble-dev/pebble-sdk-4.6-rc2-linux64/arm-cs-tools/bin/../lib/gcc/arm-none-eabi/4.7.2/thumb2/crtend.o
 .ARM.attributes
                0x000000000000044f       0x19 /home/rebble/pebble-dev/pebble-sdk-4.6-rc2-linux64/arm-cs-tools/bin/../lib/gcc/arm-none-eabi/4.7.2/thumb2/crtn.o

.comment        0x0000000000000000       0x4e
 .comment       0x0000000000000000       0x4e /home/rebble/pebble-dev/pebble-sdk-4.6-rc2-linux64/arm-cs-tools/bin/../lib/gcc/arm-none-eabi/4.7.2/thumb2/crtbegin.o
                                         0x4f (size before relaxing)
 .comment       0x0000000000000000       0x4f src/main.c.24.o
 .comment       0x0000000000000000       0x4f src/simply/simply.c.24.o
 .comment       0x0000000000000000       0x4f src/simply/simply_accel.c.24.o
 .comment       0x0000000000000000       0x4f src/simply/simply_menu.c.24.o
 .comment       0x0000000000000000       0x4f src/simply/simply_msg.c.24.o
 .comment       0x0000000000000000       0x4f src/simply/simply_res.c.24.o
 .comment       0x0000000000000000       0x4f src/simply/simply_splash.c.24.o
 .comment       0x0000000000000000       0x4f src/simply/simply_stage.c.24.o
 .comment       0x0000000000000000       0x4f src/simply/simply_ui.c.24.o
 .comment       0x0000000000000000       0x4f src/simply/simply_voice.c.24.o
 .comment       0x0000000000000000       0x4f src/simply/simply_wakeup.c.24.o
 .comment       0x0000000000000000       0x4f src/simply/simply_window.c.24.o
 .comment       0x0000000000000000       0x4f src/simply/simply_window_stack.c.24.o
 .comment       0x0000000000000000       0x4f chalk/appinfo.auto.c.24.o
 .comment       0x0000000000000000       0x4f chalk/src/resource_ids.auto.c.24.o
 .comment       0x0000000000000000       0x4f /home/rebble/pebble-dev/pebble-sdk-4.6-rc2-linux64/arm-cs-tools/bin/../lib/gcc/arm-none-eabi/4.7.2/thumb2/libgcc.a(bpabi.o)
 .comment       0x0000000000000000       0x4f /home/rebble/pebble-dev/pebble-sdk-4.6-rc2-linux64/arm-cs-tools/bin/../lib/gcc/arm-none-eabi/4.7.2/thumb2/libgcc.a(_divdi3.o)
 .comment       0x0000000000000000       0x4f /home/rebble/pebble-dev/pebble-sdk-4.6-rc2-linux64/arm-cs-tools/bin/../lib/gcc/arm-none-eabi/4.7.2/thumb2/libgcc.a(_udivdi3.o)
 .comment       0x0000000000000000       0x4f /home/rebble/pebble-dev/pebble-sdk-4.6-rc2-linux64/arm-cs-tools/bin/../lib/gcc/arm-none-eabi/4.7.2/thumb2/crtend.o

.debug_info     0x0000000000000000    0x173a2
 .debug_info    0x0000000000000000      0x256 src/main.c.24.o
 .debug_info    0x0000000000000256      0xd37 src/simply/simply.c.24.o
 .debug_info    0x0000000000000f8d      0xd76 src/simply/simply_accel.c.24.o
 .debug_info    0x0000000000001d03     0x43fe src/simply/simply_menu.c.24.o
 .debug_info    0x0000000000006101     0x24f2 src/simply/simply_msg.c.24.o
 .debug_info    0x00000000000085f3     0x13d4 src/simply/simply_res.c.24.o
 .debug_info    0x00000000000099c7      0x8b5 src/simply/simply_splash.c.24.o
 .debug_info    0x000000000000a27c     0x4680 src/simply/simply_stage.c.24.o
 .debug_info    0x000000000000e8fc     0x29d3 src/simply/simply_ui.c.24.o
 .debug_info    0x00000000000112cf      0xaba src/simply/simply_voice.c.24.o
 .debug_info    0x0000000000011d89      0xba7 src/simply/simply_wakeup.c.24.o
 .debug_info    0x0000000000012930     0x2581 src/simply/simply_window.c.24.o
 .debug_info    0x0000000000014eb1     0x106c src/simply/simply_window_stack.c.24.o
 .debug_info    0x0000000000015f1d      0x349 chalk/appinfo.auto.c.24.o
 .debug_info    0x0000000000016266       0xc9 chalk/src/resource_ids.auto.c.24.o
 .debug_info    0x000000000001632f       0xb2 /home/rebble/pebble-dev/pebble-sdk-4.6-rc2-linux64/arm-cs-tools/bin/../lib/gcc/arm-none-eabi/4.7.2/thumb2/libgcc.a(_aeabi_ldivmod.o)
 .debug_info    0x00000000000163e1      0x174 /home/rebble/pebble-dev/pebble-sdk-4.6-rc2-linux64/arm-cs-tools/bin/../lib/gcc/arm-none-eabi/4.7.2/thumb2/libgcc.a(bpabi.o)
 .debug_info    0x0000000000016555       0xb6 /home/rebble/pebble-dev/pebble-sdk-4.6-rc2-linux64/arm-cs-tools/bin/../lib/gcc/arm-none-eabi/4.7.2/thumb2/libgcc.a(_dvmd_tls.o)
 .debug_info    0x000000000001660b      0x68f /home/rebble/pebble-dev/pebble-sdk-4.6-rc2-linux64/arm-cs-tools/bin/../lib/gcc/arm-none-eabi/4.7.2/thumb2/libgcc.a(_divdi3.o)
 .debug_info    0x0000000000016c9a      0x652 /home/rebble/pebble-dev/pebble-sdk-4.6-rc2-linux64/arm-cs-tools/bin/../lib/gcc/arm-none-eabi/4.7.2/thumb2/libgcc.a(_udivdi3.o)
 .debug_info    0x00000000000172ec       0xb6 /home/rebble/pebble-dev/pebble-sdk-4.6-rc2-linux64/arm-cs-tools/bin/../lib/gcc/arm-none-eabi/4.7.2/thumb2/libgcc.a(_udivsi3.o)

.debug_abbrev   0x0000000000000000     0x37be
 .debug_abbrev  0x0000000000000000      0x14d src/main.c.24.o
 .debug_abbrev  0x000000000000014d      0x28b src/simply/simply.c.24.o
 .debug_abbrev  0x00000000000003d8      0x354 src/simply/simply_accel.c.24.o
 .debug_abbrev  0x000000000000072c      0x5e0 src/simply/simply_menu.c.24.o
 .debug_abbrev  0x0000000000000d0c      0x58d src/simply/simply_msg.c.24.o
 .debug_abbrev  0x0000000000001299      0x449 src/simply/simply_res.c.24.o
 .debug_abbrev  0x00000000000016e2      0x2b4 src/simply/simply_splash.c.24.o
 .debug_abbrev  0x0000000000001996      0x5a9 src/simply/simply_stage.c.24.o
 .debug_abbrev  0x0000000000001f3f      0x555 src/simply/simply_ui.c.24.o
 .debug_abbrev  0x0000000000002494      0x2e9 src/simply/simply_voice.c.24.o
 .debug_abbrev  0x000000000000277d      0x30b src/simply/simply_wakeup.c.24.o
 .debug_abbrev  0x0000000000002a88      0x4e3 src/simply/simply_window.c.24.o
 .debug_abbrev  0x0000000000002f6b      0x3e2 src/simply/simply_window_stack.c.24.o
 .debug_abbrev  0x000000000000334d       0x9e chalk/appinfo.auto.c.24.o
 .debug_abbrev  0x00000000000033eb       0x44 chalk/src/resource_ids.auto.c.24.o
 .debug_abbrev  0x000000000000342f       0x14 /home/rebble/pebble-dev/pebble-sdk-4.6-rc2-linux64/arm-cs-tools/bin/../lib/gcc/arm-none-eabi/4.7.2/thumb2/libgcc.a(_aeabi_ldivmod.o)
 .debug_abbrev  0x0000000000003443       0xb7 /home/rebble/pebble-dev/pebble-sdk-4.6-rc2-linux64/arm-cs-tools/bin/../lib/gcc/arm-none-eabi/4.7.2/thumb2/libgcc.a(bpabi.o)
 .debug_abbrev  0x00000000000034fa       0x14 /home/rebble/pebble-dev/pebble-sdk-4.6-rc2-linux64/arm-cs-tools/bin/../lib/gcc/arm-none-eabi/4.7.2/thumb2/libgcc.a(_dvmd_tls.o)
 .debug_abbrev  0x000000000000350e      0x151 /home/rebble/pebble-dev/pebble-sdk-4.6-rc2-linux64/arm-cs-tools/bin/../lib/gcc/arm-none-eabi/4.7.2/thumb2/libgcc.a(_divdi3.o)
 .debug_abbrev  0x000000000000365f      0x14b /home/rebble/pebble-dev/pebble-sdk-4.6-rc2-linux64/arm-cs-tools/bin/../lib/gcc/arm-none-eabi/4.7.2/thumb2/libgcc.a(_udivdi3.o)
 .debug_abbrev  0x00000000000037aa       0x14 /home/rebble/pebble-dev/pebble-sdk-4.6-rc2-linux64/arm-cs-tools/bin/../lib/gcc/arm-none-eabi/4.7.2/thumb2/libgcc.a(_udivsi3.o)

.debug_loc      0x0000000000000000     0xa182
 .debug_loc     0x0000000000000000       0x3e src/main.c.24.o
 .debug_loc     0x000000000000003e       0x7c src/simply/simply.c.24.o
 .debug_loc     0x00000000000000ba      0x4dc src/simply/simply_accel.c.24.o
 .debug_loc     0x0000000000000596     0x1e9f src/simply/simply_menu.c.24.o
 .debug_loc     0x0000000000002435      0xbc5 src/simply/simply_msg.c.24.o
 .debug_loc     0x0000000000002ffa      0xccb src/simply/simply_res.c.24.o
 .debug_loc     0x0000000000003cc5      0x1ec src/simply/simply_splash.c.24.o
 .debug_loc     0x0000000000003eb1     0x1796 src/simply/simply_stage.c.24.o
 .debug_loc     0x0000000000005647     0x10c7 src/simply/simply_ui.c.24.o
 .debug_loc     0x000000000000670e      0x3a4 src/simply/simply_voice.c.24.o
 .debug_loc     0x0000000000006ab2      0x340 src/simply/simply_wakeup.c.24.o
 .debug_loc     0x0000000000006df2      0xde3 src/simply/simply_window.c.24.o
 .debug_loc     0x0000000000007bd5      0x6aa src/simply/simply_window_stack.c.24.o
 .debug_loc     0x000000000000827f       0xe0 /home/rebble/pebble-dev/pebble-sdk-4.6-rc2-linux64/arm-cs-tools/bin/../lib/gcc/arm-none-eabi/4.7.2/thumb2/libgcc.a(bpabi.o)
 .debug_loc     0x000000000000835f      0xebd /home/rebble/pebble-dev/pebble-sdk-4.6-rc2-linux64/arm-cs-tools/bin/../lib/gcc/arm-none-eabi/4.7.2/thumb2/libgcc.a(_divdi3.o)
 .debug_loc     0x000000000000921c      0xf66 /home/rebble/pebble-dev/pebble-sdk-4.6-rc2-linux64/arm-cs-tools/bin/../lib/gcc/arm-none-eabi/4.7.2/thumb2/libgcc.a(_udivdi3.o)

.debug_aranges  0x0000000000000000      0x780
 .debug_aranges
                0x0000000000000000       0x20 src/main.c.24.o
 .debug_aranges
                0x0000000000000020       0x28 src/simply/simply.c.24.o
 .debug_aranges
                0x0000000000000048       0x50 src/simply/simply_accel.c.24.o
 .debug_aranges
                0x0000000000000098      0x138 src/simply/simply_menu.c.24.o
 .debug_aranges
                0x00000000000001d0       0x88 src/simply/simply_msg.c.24.o
 .debug_aranges
                0x0000000000000258       0xb0 src/simply/simply_res.c.24.o
 .debug_aranges
                0x0000000000000308       0x40 src/simply/simply_splash.c.24.o
 .debug_aranges
                0x0000000000000348       0xe0 src/simply/simply_stage.c.24.o
 .debug_aranges
                0x0000000000000428       0xa0 src/simply/simply_ui.c.24.o
 .debug_aranges
                0x00000000000004c8       0x50 src/simply/simply_voice.c.24.o
 .debug_aranges
                0x0000000000000518       0x38 src/simply/simply_wakeup.c.24.o
 .debug_aranges
                0x0000000000000550       0xd0 src/simply/simply_window.c.24.o
 .debug_aranges
                0x0000000000000620       0x70 src/simply/simply_window_stack.c.24.o
 .debug_aranges
                0x0000000000000690       0x18 chalk/appinfo.auto.c.24.o
 .debug_aranges
                0x00000000000006a8       0x18 chalk/src/resource_ids.auto.c.24.o
 .debug_aranges
                0x00000000000006c0       0x20 /home/rebble/pebble-dev/pebble-sdk-4.6-rc2-linux64/arm-cs-tools/bin/../lib/gcc/arm-none-eabi/4.7.2/thumb2/libgcc.a(_aeabi_ldivmod.o)
 .debug_aranges
                0x00000000000006e0       0x20 /home/rebble/pebble-dev/pebble-sdk-4.6-rc2-linux64/arm-cs-tools/bin/../lib/gcc/arm-none-eabi/4.7.2/thumb2/libgcc.a(bpabi.o)
 .debug_aranges
                0x0000000000000700       0x20 /home/rebble/pebble-dev/pebble-sdk-4.6-rc2-linux64/arm-cs-tools/bin/../lib/gcc/arm-none-eabi/4.7.2/thumb2/libgcc.a(_dvmd_tls.o)
 .debug_aranges
                0x0000000000000720       0x20 /home/rebble/pebble-dev/pebble-sdk-4.6-rc2-linux64/arm-cs-tools/bin/../lib/gcc/arm-none-eabi/4.7.2/thumb2/libgcc.a(_divdi3.o)
 .debug_aranges
                0x0000000000000740       0x20 /home/rebble/pebble-dev/pebble-sdk-4.6-rc2-linux64/arm-cs-tools/bin/../lib/gcc/arm-none-eabi/4.7.2/thumb2/libgcc.a(_udivdi3.o)
 .debug_aranges
                0x0000000000000760       0x20 /home/rebble/pebble-dev/pebble-sdk-4.6-rc2-linux64/arm-cs-tools/bin/../lib/gcc/arm-none-eabi/4.7.2/thumb2/libgcc.a(_udivsi3.o)

.debug_ranges   0x0000000000000000     0x1390
 .debug_ranges  0x0000000000000000       0x10 src/main.c.24.o
 .debug_ranges  0x0000000000000010       0x18 src/simply/simply.c.24.o
 .debug_ranges  0x0000000000000028       0x88 src/simply/simply_accel.c.24.o
 .debug_ranges  0x00000000000000b0      0x398 src/simply/simply_menu.c.24.o
 .debug_ranges  0x0000000000000448      0x350 src/simply/simply_msg.c.24.o
 .debug_ranges  0x0000000000000798       0xe8 src/simply/simply_res.c.24.o
 .debug_ranges  0x0000000000000880       0x30 src/simply/simply_splash.c.24.o
 .debug_ranges  0x00000000000008b0      0x450 src/simply/simply_stage.c.24.o
 .debug_ranges  0x0000000000000d00      0x230 src/simply/simply_ui.c.24.o
 .debug_ranges  0x0000000000000f30       0x40 src/simply/simply_voice.c.24.o
 .debug_ranges  0x0000000000000f70       0x58 src/simply/simply_wakeup.c.24.o
 .debug_ranges  0x0000000000000fc8      0x108 src/simply/simply_window.c.24.o
 .debug_ranges  0x00000000000010d0       0xc0 src/simply/simply_window_stack.c.24.o
 .debug_ranges  0x0000000000001190      0x108 /home/rebble/pebble-dev/pebble-sdk-4.6-rc2-linux64/arm-cs-tools/bin/../lib/gcc/arm-none-eabi/4.7.2/thumb2/libgcc.a(_divdi3.o)
 .debug_ranges  0x0000000000001298       0xf8 /home/rebble/pebble-dev/pebble-sdk-4.6-rc2-linux64/arm-cs-tools/bin/../lib/gcc/arm-none-eabi/4.7.2/thumb2/libgcc.a(_udivdi3.o)

.debug_line     0x0000000000000000     0x3ec1
 .debug_line    0x0000000000000000       0xab src/main.c.24.o
 .debug_line    0x00000000000000ab      0x2e4 src/simply/simply.c.24.o
 .debug_line    0x000000000000038f      0x2e1 src/simply/simply_accel.c.24.o
 .debug_line    0x0000000000000670      0x975 src/simply/simply_menu.c.24.o
 .debug_line    0x0000000000000fe5      0x531 src/simply/simply_msg.c.24.o
 .debug_line    0x0000000000001516      0x4b6 src/simply/simply_res.c.24.o
 .debug_line    0x00000000000019cc      0x232 src/simply/simply_splash.c.24.o
 .debug_line    0x0000000000001bfe      0x7e3 src/simply/simply_stage.c.24.o
 .debug_line    0x00000000000023e1      0x609 src/simply/simply_ui.c.24.o
 .debug_line    0x00000000000029ea      0x2df src/simply/simply_voice.c.24.o
 .debug_line    0x0000000000002cc9      0x32a src/simply/simply_wakeup.c.24.o
 .debug_line    0x0000000000002ff3      0x5b3 src/simply/simply_window.c.24.o
 .debug_line    0x00000000000035a6      0x383 src/simply/simply_window_stack.c.24.o
 .debug_line    0x0000000000003929      0x123 chalk/appinfo.auto.c.24.o
 .debug_line    0x0000000000003a4c       0xcf chalk/src/resource_ids.auto.c.24.o
 .debug_line    0x0000000000003b1b       0x71 /home/rebble/pebble-dev/pebble-sdk-4.6-rc2-linux64/arm-cs-tools/bin/../lib/gcc/arm-none-eabi/4.7.2/thumb2/libgcc.a(_aeabi_ldivmod.o)
 .debug_line    0x0000000000003b8c       0x71 /home/rebble/pebble-dev/pebble-sdk-4.6-rc2-linux64/arm-cs-tools/bin/../lib/gcc/arm-none-eabi/4.7.2/thumb2/libgcc.a(bpabi.o)
 .debug_line    0x0000000000003bfd       0x6d /home/rebble/pebble-dev/pebble-sdk-4.6-rc2-linux64/arm-cs-tools/bin/../lib/gcc/arm-none-eabi/4.7.2/thumb2/libgcc.a(_dvmd_tls.o)
 .debug_line    0x0000000000003c6a       0xef /home/rebble/pebble-dev/pebble-sdk-4.6-rc2-linux64/arm-cs-tools/bin/../lib/gcc/arm-none-eabi/4.7.2/thumb2/libgcc.a(_divdi3.o)
 .debug_line    0x0000000000003d59       0xd8 /home/rebble/pebble-dev/pebble-sdk-4.6-rc2-linux64/arm-cs-tools/bin/../lib/gcc/arm-none-eabi/4.7.2/thumb2/libgcc.a(_udivdi3.o)
 .debug_line    0x0000000000003e31       0x90 /home/rebble/pebble-dev/pebble-sdk-4.6-rc2-linux64/arm-cs-tools/bin/../lib/gcc/arm-none-eabi/4.7.2/thumb2/libgcc.a(_udivsi3.o)

.debug_str      0x0000000000000000     0x5624
 .debug_str     0x0000000000000000      0x190 src/main.c.24.o
                                        0x1d5 (size before relaxing)
 .debug_str     0x0000000000000190      0x52c src/simply/simply.c.24.o